Component: ARM Compiler 6.16 Tool: armlink [5dfeaa00]

==============================================================================

Section Cross References

    osobjects.o(.rodata.Task_Init_attributes) refers to osobjects.o(.rodata.str1.1) for [Anonymous Symbol]
    osobjects.o(.rodata.Task_Heartbeat_1_attributes) refers to osobjects.o(.rodata.str1.1) for [Anonymous Symbol]
    osobjects.o(.rodata.Task_Heartbeat_2_attributes) refers to osobjects.o(.rodata.str1.1) for [Anonymous Symbol]
    osobjects.o(.rodata.Task_Measurement_Signal_attributes) refers to osobjects.o(.rodata.str1.1) for [Anonymous Symbol]
    osobjects.o(.rodata.Task_Measurement_Queue_attributes) refers to osobjects.o(.rodata.str1.1) for [Anonymous Symbol]
    osobjects.o(.rodata.Task_PushButton_attributes) refers to osobjects.o(.rodata.str1.1) for [Anonymous Symbol]
    osobjects.o(.rodata.Mutex_Display_attributes) refers to osobjects.o(.rodata.str1.1) for [Anonymous Symbol]
    measurement_application.o(.text.executeMeasurementApplication) refers to cmsis_os2.o(.text.osKernelInitialize) for osKernelInitialize
    measurement_application.o(.text.executeMeasurementApplication) refers to puts.o(i.puts) for puts
    measurement_application.o(.text.executeMeasurementApplication) refers to main.o(.text.Error_Handler) for Error_Handler
    measurement_application.o(.text.executeMeasurementApplication) refers to printfa.o(i.__0printf) for __2printf
    measurement_application.o(.text.executeMeasurementApplication) refers to cmsis_os2.o(.text.osThreadNew) for osThreadNew
    measurement_application.o(.text.executeMeasurementApplication) refers to cmsis_os2.o(.text.osKernelGetState) for osKernelGetState
    measurement_application.o(.text.executeMeasurementApplication) refers to cmsis_os2.o(.text.osKernelStart) for osKernelStart
    measurement_application.o(.text.executeMeasurementApplication) refers to task_init.o(.text.Task_Init) for Task_Init
    measurement_application.o(.text.executeMeasurementApplication) refers to osobjects.o(.rodata.Task_Init_attributes) for Task_Init_attributes
    measurement_application.o(.text.executeMeasurementApplication) refers to osobjects.o(.bss.taskHandle_Init) for taskHandle_Init
    measurement_application.o(.text.executeMeasurementApplication) refers to measurement_application.o(.rodata.str1.1) for [Anonymous Symbol]
    measurement_application.o(.ARM.exidx.text.executeMeasurementApplication) refers to measurement_application.o(.text.executeMeasurementApplication) for [Anonymous Symbol]
    task_init.o(.text.Task_Init) refers to cmsis_os2.o(.text.osEventFlagsNew) for osEventFlagsNew
    task_init.o(.text.Task_Init) refers to puts.o(i.puts) for puts
    task_init.o(.text.Task_Init) refers to main.o(.text.Error_Handler) for Error_Handler
    task_init.o(.text.Task_Init) refers to printfa.o(i.__0printf) for __2printf
    task_init.o(.text.Task_Init) refers to task_init.o(.text.OUTLINED_FUNCTION_0) for OUTLINED_FUNCTION_0
    task_init.o(.text.Task_Init) refers to cmsis_os2.o(.text.osMutexNew) for osMutexNew
    task_init.o(.text.Task_Init) refers to cmsis_os2.o(.text.osThreadNew) for osThreadNew
    task_init.o(.text.Task_Init) refers to cmsis_os2.o(.text.osThreadExit) for osThreadExit
    task_init.o(.text.Task_Init) refers to osobjects.o(.bss.eventGroupHandle_Measurement) for eventGroupHandle_Measurement
    task_init.o(.text.Task_Init) refers to osobjects.o(.bss.eventGroupHandle_PushButton) for eventGroupHandle_PushButton
    task_init.o(.text.Task_Init) refers to task_init.o(.rodata.str1.1) for [Anonymous Symbol]
    task_init.o(.text.Task_Init) refers to osobjects.o(.bss.queueHandle_ADC_Measurement) for queueHandle_ADC_Measurement
    task_init.o(.text.Task_Init) refers to osobjects.o(.bss.queueHandle_Command_Measurement) for queueHandle_Command_Measurement
    task_init.o(.text.Task_Init) refers to osobjects.o(.rodata.Mutex_Display_attributes) for Mutex_Display_attributes
    task_init.o(.text.Task_Init) refers to osobjects.o(.bss.mutex_Display) for mutex_Display
    task_init.o(.text.Task_Init) refers to task_heartbeat.o(.text.Task_Heartbeat) for Task_Heartbeat
    task_init.o(.text.Task_Init) refers to osobjects.o(.bss.LED_Heartbeat_1) for LED_Heartbeat_1
    task_init.o(.text.Task_Init) refers to osobjects.o(.rodata.Task_Heartbeat_1_attributes) for Task_Heartbeat_1_attributes
    task_init.o(.text.Task_Init) refers to osobjects.o(.bss.taskHandle_Heartbeat_1) for taskHandle_Heartbeat_1
    task_init.o(.text.Task_Init) refers to osobjects.o(.data.LED_Heartbeat_2) for LED_Heartbeat_2
    task_init.o(.text.Task_Init) refers to osobjects.o(.rodata.Task_Heartbeat_2_attributes) for Task_Heartbeat_2_attributes
    task_init.o(.text.Task_Init) refers to osobjects.o(.bss.taskHandle_Heartbeat_2) for taskHandle_Heartbeat_2
    task_init.o(.text.Task_Init) refers to task_measurement_queue.o(.text.Task_Measurement_Queue) for Task_Measurement_Queue
[...]
    __cpp_initialize__aeabi_                  - Undefined Weak Reference
    __cxa_finalize                            - Undefined Weak Reference
    __decompress                              - Undefined Weak Reference
    _clock_init                               - Undefined Weak Reference
    _microlib_exit                            - Undefined Weak Reference
    __Vectors_Size                           0x000001c8   Number         0  startup_stm32f746xx.o ABSOLUTE
    __Vectors                                0x08000000   Data           4  startup_stm32f746xx.o(RESET)
    __Vectors_End                            0x080001c8   Data           0  startup_stm32f746xx.o(RESET)
    __main                                   0x080001c9   Thumb Code     0  entry.o(.ARM.Collect$$$$00000000)
    _main_stk                                0x080001c9   Thumb Code     0  entry2.o(.ARM.Collect$$$$00000001)
    _main_scatterload                        0x080001cd   Thumb Code     0  entry5.o(.ARM.Collect$$$$00000004)
    __main_after_scatterload                 0x080001d1   Thumb Code     0  entry5.o(.ARM.Collect$$$$00000004)
    _main_clock                              0x080001d1   Thumb Code     0  entry7b.o(.ARM.Collect$$$$00000008)
    _main_cpp_init                           0x080001d1   Thumb Code     0  entry8b.o(.ARM.Collect$$$$0000000A)
    _main_init                               0x080001d1   Thumb Code     0  entry9a.o(.ARM.Collect$$$$0000000B)
    __rt_final_cpp                           0x080001d9   Thumb Code     0  entry10a.o(.ARM.Collect$$$$0000000D)
    __rt_final_exit                          0x080001d9   Thumb Code     0  entry11a.o(.ARM.Collect$$$$0000000F)
    Reset_Handler                            0x080001dd   Thumb Code     8  startup_stm32f746xx.o(.text)
    CAN1_RX0_IRQHandler                      0x080001f7   Thumb Code     0  startup_stm32f746xx.o(.text)
    CAN1_RX1_IRQHandler                      0x080001f7   Thumb Code     0  startup_stm32f746xx.o(.text)
    CAN1_SCE_IRQHandler                      0x080001f7   Thumb Code     0  startup_stm32f746xx.o(.text)
    CAN1_TX_IRQHandler                       0x080001f7   Thumb Code     0  startup_stm32f746xx.o(.text)
    CAN2_RX0_IRQHandler                      0x080001f7   Thumb Code     0  startup_stm32f746xx.o(.text)
    CAN2_RX1_IRQHandler                      0x080001f7   Thumb Code     0  startup_stm32f746xx.o(.text)
    CAN2_SCE_IRQHandler                      0x080001f7   Thumb Code     0  startup_stm32f746xx.o(.text)
    CAN2_TX_IRQHandler                       0x080001f7   Thumb Code     0  startup_stm32f746xx.o(.text)
    CEC_IRQHandler                           0x080001f7   Thumb Code     0  startup_stm32f746xx.o(.text)
    DCMI_IRQHandler                          0x080001f7   Thumb Code     0  startup_stm32f746xx.o(.text)
    DMA1_Stream0_IRQHandler                  0x080001f7   Thumb Code     0  startup_stm32f746xx.o(.text)
    DMA1_Stream1_IRQHandler                  0x080001f7   Thumb Code     0  startup_stm32f746xx.o(.text)
    DMA1_Stream2_IRQHandler                  0x080001f7   Thumb Code     0  startup_stm32f746xx.o(.text)
    DMA1_Stream3_IRQHandler                  0x080001f7   Thumb Code     0  startup_stm32f746xx.o(.text)
    DMA1_Stream4_IRQHandler                  0x080001f7   Thumb Code     0  startup_stm32f746xx.o(.text)
    DMA1_Stream5_IRQHandler                  0x080001f7   Thumb Code     0  startup_stm32f746xx.o(.text)
    DMA1_Stream6_IRQHandler                  0x080001f7   Thumb Code     0  startup_stm32f746xx.o(.text)
    DMA1_Stream7_IRQHandler                  0x080001f7   Thumb Code     0  startup_stm32f746xx.o(.text)
    DMA2D_IRQHandler                         0x080001f7   Thumb Code     0  startup_stm32f746xx.o(.text)
    DMA2_Stream0_IRQHandler                  0x080001f7   Thumb Code     0  startup_stm32f746xx.o(.text)
    DMA2_Stream1_IRQHandler                  0x080001f7   Thumb Code     0  startup_stm32f746xx.o(.text)
    DMA2_Stream2_IRQHandler                  0x080001f7   Thumb Code     0  startup_stm32f746xx.o(.text)
    DMA2_Stream3_IRQHandler                  0x080001f7   Thumb Code     0  startup_stm32f746xx.o(.text)
    DMA2_Stream4_IRQHandler                  0x080001f7   Thumb Code     0  startup_stm32f746xx.o(.text)
    DMA2_Stream5_IRQHandler                  0x080001f7   Thumb Code     0  startup_stm32f746xx.o(.text)
    DMA2_Stream6_IRQHandler                  0x080001f7   Thumb Code     0  startup_stm32f746xx.o(.text)
    DMA2_Stream7_IRQHandler                  0x080001f7   Thumb Code     0  startup_stm32f746xx.o(.text)
    ETH_IRQHandler                           0x080001f7   Thumb Code     0  startup_stm32f746xx.o(.text)
    ETH_WKUP_IRQHandler                      0x080001f7   Thumb Code     0  startup_stm32f746xx.o(.text)
    EXTI0_IRQHandler                         0x080001f7   Thumb Code     0  startup_stm32f746xx.o(.text)
    EXTI15_10_IRQHandler                     0x080001f7   Thumb Code     0  startup_stm32f746xx.o(.text)
    EXTI1_IRQHandler                         0x080001f7   Thumb Code     0  startup_stm32f746xx.o(.text)
    EXTI2_IRQHandler                         0x080001f7   Thumb Code     0  startup_stm32f746xx.o(.text)
    EXTI3_IRQHandler                         0x080001f7   Thumb Code     0  startup_stm32f746xx.o(.text)
    EXTI4_IRQHandler                         0x080001f7   Thumb Code     0  startup_stm32f746xx.o(.text)
    EXTI9_5_IRQHandler                       0x080001f7   Thumb Code     0  startup_stm32f746xx.o(.text)
    FLASH_IRQHandler                         0x080001f7   Thumb Code     0  startup_stm32f746xx.o(.text)
    FMC_IRQHandler                           0x080001f7   Thumb Code     0  startup_stm32f746xx.o(.text)
    FPU_IRQHandler                           0x080001f7   Thumb Code     0  startup_stm32f746xx.o(.text)
    I2C1_ER_IRQHandler                       0x080001f7   Thumb Code     0  startup_stm32f746xx.o(.text)
    I2C1_EV_IRQHandler                       0x080001f7   Thumb Code     0  startup_stm32f746xx.o(.text)
    I2C2_ER_IRQHandler                       0x080001f7   Thumb Code     0  startup_stm32f746xx.o(.text)
    I2C2_EV_IRQHandler                       0x080001f7   Thumb Code     0  startup_stm32f746xx.o(.text)
    I2C3_ER_IRQHandler                       0x080001f7   Thumb Code     0  startup_stm32f746xx.o(.text)
    I2C3_EV_IRQHandler                       0x080001f7   Thumb Code     0  startup_stm32f746xx.o(.text)
    I2C4_ER_IRQHandler                       0x080001f7   Thumb Code     0  startup_stm32f746xx.o(.text)
    I2C4_EV_IRQHandler                       0x080001f7   Thumb Code     0  startup_stm32f746xx.o(.text)
    LPTIM1_IRQHandler                        0x080001f7   Thumb Code     0  startup_stm32f746xx.o(.text)
    LTDC_ER_IRQHandler                       0x080001f7   Thumb Code     0  startup_stm32f746xx.o(.text)
    LTDC_IRQHandler                          0x080001f7   Thumb Code     0  startup_stm32f746xx.o(.text)
    OTG_FS_IRQHandler                        0x080001f7   Thumb Code     0  startup_stm32f746xx.o(.text)
    OTG_FS_WKUP_IRQHandler                   0x080001f7   Thumb Code     0  startup_stm32f746xx.o(.text)
    OTG_HS_EP1_IN_IRQHandler                 0x080001f7   Thumb Code     0  startup_stm32f746xx.o(.text)
    OTG_HS_EP1_OUT_IRQHandler                0x080001f7   Thumb Code     0  startup_stm32f746xx.o(.text)
    OTG_HS_IRQHandler                        0x080001f7   Thumb Code     0  startup_stm32f746xx.o(.text)
    OTG_HS_WKUP_IRQHandler                   0x080001f7   Thumb Code     0  startup_stm32f746xx.o(.text)
    PVD_IRQHandler                           0x080001f7   Thumb Code     0  startup_stm32f746xx.o(.text)
    QUADSPI_IRQHandler                       0x080001f7   Thumb Code     0  startup_stm32f746xx.o(.text)
    RCC_IRQHandler                           0x080001f7   Thumb Code     0  startup_stm32f746xx.o(.text)
    RNG_IRQHandler                           0x080001f7   Thumb Code     0  startup_stm32f746xx.o(.text)
    RTC_Alarm_IRQHandler                     0x080001f7   Thumb Code     0  startup_stm32f746xx.o(.text)
    RTC_WKUP_IRQHandler                      0x080001f7   Thumb Code     0  startup_stm32f746xx.o(.text)
    SAI1_IRQHandler                          0x080001f7   Thumb Code     0  startup_stm32f746xx.o(.text)
    SAI2_IRQHandler                          0x080001f7   Thumb Code     0  startup_stm32f746xx.o(.text)
    SDMMC1_IRQHandler                        0x080001f7   Thumb Code     0  startup_stm32f746xx.o(.text)
    SPDIF_RX_IRQHandler                      0x080001f7   Thumb Code     0  startup_stm32f746xx.o(.text)
    SPI1_IRQHandler                          0x080001f7   Thumb Code     0  startup_stm32f746xx.o(.text)
    SPI2_IRQHandler                          0x080001f7   Thumb Code     0  startup_stm32f746xx.o(.text)
    SPI3_IRQHandler                          0x080001f7   Thumb Code     0  startup_stm32f746xx.o(.text)
    SPI4_IRQHandler                          0x080001f7   Thumb Code     0  startup_stm32f746xx.o(.text)
    SPI5_IRQHandler                          0x080001f7   Thumb Code     0  startup_stm32f746xx.o(.text)
    SPI6_IRQHandler                          0x080001f7   Thumb Code     0  startup_stm32f746xx.o(.text)
    TAMP_STAMP_IRQHandler                    0x080001f7   Thumb Code     0  startup_stm32f746xx.o(.text)
    TIM1_BRK_TIM9_IRQHandler                 0x080001f7   Thumb Code     0  startup_stm32f746xx.o(.text)
    TIM1_CC_IRQHandler                       0x080001f7   Thumb Code     0  startup_stm32f746xx.o(.text)
    TIM1_TRG_COM_TIM11_IRQHandler            0x080001f7   Thumb Code     0  startup_stm32f746xx.o(.text)
    TIM1_UP_TIM10_IRQHandler                 0x080001f7   Thumb Code     0  startup_stm32f746xx.o(.text)
    TIM2_IRQHandler                          0x080001f7   Thumb Code     0  startup_stm32f746xx.o(.text)
    TIM3_IRQHandler                          0x080001f7   Thumb Code     0  startup_stm32f746xx.o(.text)
    TIM4_IRQHandler                          0x080001f7   Thumb Code     0  startup_stm32f746xx.o(.text)
    TIM5_IRQHandler                          0x080001f7   Thumb Code     0  startup_stm32f746xx.o(.text)
    TIM6_DAC_IRQHandler                      0x080001f7   Thumb Code     0  startup_stm32f746xx.o(.text)
    TIM8_BRK_TIM12_IRQHandler                0x080001f7   Thumb Code     0  startup_stm32f746xx.o(.text)
    TIM8_CC_IRQHandler                       0x080001f7   Thumb Code     0  startup_stm32f746xx.o(.text)
    TIM8_TRG_COM_TIM14_IRQHandler            0x080001f7   Thumb Code     0  startup_stm32f746xx.o(.text)
    TIM8_UP_TIM13_IRQHandler                 0x080001f7   Thumb Code     0  startup_stm32f746xx.o(.text)
    UART4_IRQHandler                         0x080001f7   Thumb Code     0  startup_stm32f746xx.o(.text)
    UART5_IRQHandler                         0x080001f7   Thumb Code     0  startup_stm32f746xx.o(.text)
    UART7_IRQHandler                         0x080001f7   Thumb Code     0  startup_stm32f746xx.o(.text)
    UART8_IRQHandler                         0x080001f7   Thumb Code     0  startup_stm32f746xx.o(.text)
    USART1_IRQHandler                        0x080001f7   Thumb Code     0  startup_stm32f746xx.o(.text)
    USART2_IRQHandler                        0x080001f7   Thumb Code     0  startup_stm32f746xx.o(.text)
    USART6_IRQHandler                        0x080001f7   Thumb Code     0  startup_stm32f746xx.o(.text)
    WWDG_IRQHandler                          0x080001f7   Thumb Code     0  startup_stm32f746xx.o(.text)
    setvbuf                                  0x08000201   Thumb Code     6  setvbuf.o(.text)
    __aeabi_uldivmod                         0x08000207   Thumb Code    98  uldiv.o(.text)
    __aeabi_memcpy                           0x08000269   Thumb Code    36  memcpya.o(.text)
    __aeabi_memcpy4                          0x08000269   Thumb Code     0  memcpya.o(.text)
    __aeabi_memcpy8                          0x08000269   Thumb Code     0  memcpya.o(.text)
    __aeabi_memset                           0x0800028d   Thumb Code    14  memseta.o(.text)
    __aeabi_memset4                          0x0800028d   Thumb Code     0  memseta.o(.text)
    __aeabi_memset8                          0x0800028d   Thumb Code     0  memseta.o(.text)
    __aeabi_memclr                           0x0800029b   Thumb Code     4  memseta.o(.text)
    __aeabi_memclr4                          0x0800029b   Thumb Code     0  memseta.o(.text)
    __aeabi_memclr8                          0x0800029b   Thumb Code     0  memseta.o(.text)
    _memset$wrapper                          0x0800029f   Thumb Code    18  memseta.o(.text)
    __aeabi_f2d                              0x080002b1   Thumb Code    38  f2d.o(.text)
    __aeabi_uidiv                            0x080002d7   Thumb Code     0  uidiv.o(.text)
    __aeabi_uidivmod                         0x080002d7   Thumb Code    44  uidiv.o(.text)
    __aeabi_llsl                             0x08000303   Thumb Code    30  llshl.o(.text)
    _ll_shift_l                              0x08000303   Thumb Code     0  llshl.o(.text)
    __aeabi_llsr                             0x08000321   Thumb Code    32  llushr.o(.text)
    _ll_ushift_r                             0x08000321   Thumb Code     0  llushr.o(.text)
    __I$use$fp                               0x08000341   Thumb Code     0  iusefp.o(.text)
    __aeabi_dadd                             0x08000341   Thumb Code   322  dadd.o(.text)
    __aeabi_dsub                             0x08000483   Thumb Code     6  dadd.o(.text)
    __aeabi_drsub                            0x08000489   Thumb Code     6  dadd.o(.text)
    __aeabi_dmul                             0x0800048f   Thumb Code   228  dmul.o(.text)
    __aeabi_ddiv                             0x08000573   Thumb Code   222  ddiv.o(.text)
    __aeabi_d2ulz                            0x08000651   Thumb Code    48  dfixul.o(.text)
    __aeabi_cdrcmple                         0x08000681   Thumb Code    48  cdrcmple.o(.text)
    __scatterload                            0x080006b1   Thumb Code    28  init.o(.text)
    __scatterload_rt2                        0x080006b1   Thumb Code     0  init.o(.text)
    __aeabi_lasr                             0x080006d5   Thumb Code    36  llsshr.o(.text)
    _ll_sshift_r                             0x080006d5   Thumb Code     0  llsshr.o(.text)
    _double_round                            0x080006f9   Thumb Code    30  depilogue.o(.text)
    _double_epilogue                         0x08000717   Thumb Code   156  depilogue.o(.text)
    ADC_IRQHandler                           0x080007b5   Thumb Code    56  stm32f7xx_it.o(.text.ADC_IRQHandler)
    BSP_LCD_printStringXY                    0x08000825   Thumb Code     8  lcd.o(.text.BSP_LCD_printStringXY)
    BSP_LED_Init                             0x08000831   Thumb Code    84  stm32f7xx_nucleo_144.o(.text.BSP_LED_Init)
    BSP_LED_Off                              0x08000885   Thumb Code    20  stm32f7xx_nucleo_144.o(.text.BSP_LED_Off)
    BSP_LED_On                               0x08000899   Thumb Code    20  stm32f7xx_nucleo_144.o(.text.BSP_LED_On)
    BSP_LED_Toggle                           0x080008ad   Thumb Code    20  stm32f7xx_nucleo_144.o(.text.BSP_LED_Toggle)
    BSP_PB_GetState                          0x080008c9   Thumb Code    36  stm32f7xx_nucleo_144.o(.text.BSP_PB_GetState)
    BSP_PB_Init                              0x080008f1   Thumb Code   108  stm32f7xx_nucleo_144.o(.text.BSP_PB_Init)
    BusFault_Handler                         0x08000969   Thumb Code     6  stm32f7xx_it.o(.text.BusFault_Handler)
    DebugMon_Handler                         0x080009c9   Thumb Code     2  stm32f7xx_it.o(.text.DebugMon_Handler)
    Error_Handler                            0x080009cb   Thumb Code     8  main.o(.text.Error_Handler)
    HAL_ADCEx_InjectedConvCpltCallback       0x080009d3   Thumb Code     2  stm32f7xx_hal_adc_ex.o(.text.HAL_ADCEx_InjectedConvCpltCallback)
    HAL_ADC_ConfigChannel                    0x080009d5   Thumb Code   288  stm32f7xx_hal_adc.o(.text.HAL_ADC_ConfigChannel)
    HAL_ADC_ConvCpltCallback                 0x08000af9   Thumb Code     2  stm32f7xx_hal_adc.o(.text.HAL_ADC_ConvCpltCallback)
    HAL_ADC_ErrorCallback                    0x08000afb   Thumb Code     2  stm32f7xx_hal_adc.o(.text.HAL_ADC_ErrorCallback)
    HAL_ADC_GetValue                         0x08000afd   Thumb Code     6  stm32f7xx_hal_adc.o(.text.HAL_ADC_GetValue)
    HAL_ADC_IRQHandler                       0x08000b03   Thumb Code   296  stm32f7xx_hal_adc.o(.text.HAL_ADC_IRQHandler)
    HAL_ADC_Init                             0x08000c2d   Thumb Code   308  stm32f7xx_hal_adc.o(.text.HAL_ADC_Init)
    HAL_ADC_LevelOutOfWindowCallback         0x08000d71   Thumb Code     2  stm32f7xx_hal_adc.o(.text.HAL_ADC_LevelOutOfWindowCallback)
    HAL_ADC_MspInit                          0x08000d75   Thumb Code    72  stm32f7xx_hal_msp.o(.text.HAL_ADC_MspInit)
    HAL_ADC_Start_IT                         0x08000dbd   Thumb Code   180  stm32f7xx_hal_adc.o(.text.HAL_ADC_Start_IT)
    HAL_DACEx_TriangleWaveGenerate           0x08000e81   Thumb Code    22  stm32f7xx_hal_dac_ex.o(.text.HAL_DACEx_TriangleWaveGenerate)
    HAL_DAC_ConfigChannel                    0x08000e97   Thumb Code    62  stm32f7xx_hal_dac.o(.text.HAL_DAC_ConfigChannel)
    HAL_DAC_Init                             0x08000ed5   Thumb Code    38  stm32f7xx_hal_dac.o(.text.HAL_DAC_Init)
    HAL_DAC_MspInit                          0x08000efd   Thumb Code    56  stm32f7xx_hal_msp.o(.text.HAL_DAC_MspInit)
    HAL_DAC_Start                            0x08000f3d   Thumb Code    88  stm32f7xx_hal_dac.o(.text.HAL_DAC_Start)
    HAL_DMA_Abort_IT                         0x08000f95   Thumb Code    36  stm32f7xx_hal_dma.o(.text.HAL_DMA_Abort_IT)
    HAL_GPIO_Init                            0x08000fb9   Thumb Code   380  stm32f7xx_hal_gpio.o(.text.HAL_GPIO_Init)
    HAL_GPIO_ReadPin                         0x0800114d   Thumb Code    10  stm32f7xx_hal_gpio.o(.text.HAL_GPIO_ReadPin)
    HAL_GPIO_TogglePin                       0x08001157   Thumb Code    12  stm32f7xx_hal_gpio.o(.text.HAL_GPIO_TogglePin)
    HAL_GPIO_WritePin                        0x08001163   Thumb Code    10  stm32f7xx_hal_gpio.o(.text.HAL_GPIO_WritePin)
    HAL_GetTick                              0x0800116d   Thumb Code     8  stm32f7xx_hal.o(.text.HAL_GetTick)
    HAL_IncTick                              0x08001175   Thumb Code    16  stm32f7xx_hal.o(.text.HAL_IncTick)
    HAL_Init                                 0x0800118d   Thumb Code    22  stm32f7xx_hal.o(.text.HAL_Init)
    HAL_InitTick                             0x080011a5   Thumb Code   104  stm32f7xx_hal_timebase_tim.o(.text.HAL_InitTick)
    HAL_MspInit                              0x08001219   Thumb Code    56  stm32f7xx_hal_msp.o(.text.HAL_MspInit)
    HAL_NVIC_EnableIRQ                       0x08001255   Thumb Code    20  stm32f7xx_hal_cortex.o(.text.HAL_NVIC_EnableIRQ)
    HAL_NVIC_SetPriority                     0x0800126d   Thumb Code    56  stm32f7xx_hal_cortex.o(.text.HAL_NVIC_SetPriority)
    HAL_NVIC_SetPriorityGrouping             0x080012a5   Thumb Code    24  stm32f7xx_hal_cortex.o(.text.HAL_NVIC_SetPriorityGrouping)
    HAL_PWR_EnableBkUpAccess                 0x080012c5   Thumb Code    12  stm32f7xx_hal_pwr.o(.text.HAL_PWR_EnableBkUpAccess)
    HAL_RCCEx_PeriphCLKConfig                0x080012d1   Thumb Code  1132  stm32f7xx_hal_rcc_ex.o(.text.HAL_RCCEx_PeriphCLKConfig)
    HAL_RCC_ClockConfig                      0x08001741   Thumb Code   252  stm32f7xx_hal_rcc.o(.text.HAL_RCC_ClockConfig)
    HAL_RCC_GetClockConfig                   0x08001849   Thumb Code    56  stm32f7xx_hal_rcc.o(.text.HAL_RCC_GetClockConfig)
    HAL_RCC_GetPCLK1Freq                     0x08001881   Thumb Code    20  stm32f7xx_hal_rcc.o(.text.HAL_RCC_GetPCLK1Freq)
    HAL_RCC_GetPCLK2Freq                     0x08001895   Thumb Code    20  stm32f7xx_hal_rcc.o(.text.HAL_RCC_GetPCLK2Freq)
    HAL_RCC_GetSysClockFreq                  0x080018b5   Thumb Code    84  stm32f7xx_hal_rcc.o(.text.HAL_RCC_GetSysClockFreq)
    HAL_RCC_OscConfig                        0x08001915   Thumb Code   776  stm32f7xx_hal_rcc.o(.text.HAL_RCC_OscConfig)
    HAL_TIMEx_Break2Callback                 0x08001c2d   Thumb Code     2  stm32f7xx_hal_tim_ex.o(.text.HAL_TIMEx_Break2Callback)
    HAL_TIMEx_BreakCallback                  0x08001c2f   Thumb Code     2  stm32f7xx_hal_tim_ex.o(.text.HAL_TIMEx_BreakCallback)
    HAL_TIMEx_CommutCallback                 0x08001c31   Thumb Code     2  stm32f7xx_hal_tim_ex.o(.text.HAL_TIMEx_CommutCallback)
    HAL_TIMEx_ConfigBreakDeadTime            0x08001c35   Thumb Code   124  stm32f7xx_hal_tim_ex.o(.text.HAL_TIMEx_ConfigBreakDeadTime)
    HAL_TIMEx_MasterConfigSynchronization    0x08001cb9   Thumb Code   124  stm32f7xx_hal_tim_ex.o(.text.HAL_TIMEx_MasterConfigSynchronization)
    HAL_TIM_Base_Init                        0x08001d4d   Thumb Code    32  stm32f7xx_hal_tim.o(.text.HAL_TIM_Base_Init)
    HAL_TIM_Base_MspInit                     0x08001d6d   Thumb Code    64  stm32f7xx_hal_msp.o(.text.HAL_TIM_Base_MspInit)
    HAL_TIM_Base_Start                       0x08001db5   Thumb Code    36  stm32f7xx_hal_tim.o(.text.HAL_TIM_Base_Start)
    HAL_TIM_Base_Start_IT                    0x08001dd9   Thumb Code    40  stm32f7xx_hal_tim.o(.text.HAL_TIM_Base_Start_IT)
    HAL_TIM_ConfigClockSource                0x08001e01   Thumb Code   172  stm32f7xx_hal_tim.o(.text.HAL_TIM_ConfigClockSource)
    HAL_TIM_IC_CaptureCallback               0x08001eb1   Thumb Code     2  stm32f7xx_hal_tim.o(.text.HAL_TIM_IC_CaptureCallback)
    HAL_TIM_IRQHandler                       0x08001eb3   Thumb Code   320  stm32f7xx_hal_tim.o(.text.HAL_TIM_IRQHandler)
    HAL_TIM_MspPostInit                      0x08001ff5   Thumb Code    64  stm32f7xx_hal_msp.o(.text.HAL_TIM_MspPostInit)
    HAL_TIM_OC_ConfigChannel                 0x08002039   Thumb Code   104  stm32f7xx_hal_tim.o(.text.HAL_TIM_OC_ConfigChannel)
    HAL_TIM_OC_DelayElapsedCallback          0x080020a1   Thumb Code     2  stm32f7xx_hal_tim.o(.text.HAL_TIM_OC_DelayElapsedCallback)
    HAL_TIM_OC_Init                          0x080020a3   Thumb Code    32  stm32f7xx_hal_tim.o(.text.HAL_TIM_OC_Init)
    HAL_TIM_OC_MspInit                       0x080020c3   Thumb Code     2  stm32f7xx_hal_tim.o(.text.HAL_TIM_OC_MspInit)
    HAL_TIM_OC_Start                         0x080020c5   Thumb Code    52  stm32f7xx_hal_tim.o(.text.HAL_TIM_OC_Start)
    HAL_TIM_PWM_PulseFinishedCallback        0x08002101   Thumb Code     2  stm32f7xx_hal_tim.o(.text.HAL_TIM_PWM_PulseFinishedCallback)
    HAL_TIM_PeriodElapsedCallback            0x08002105   Thumb Code    16  main.o(.text.HAL_TIM_PeriodElapsedCallback)
    HAL_TIM_TriggerCallback                  0x08002119   Thumb Code     2  stm32f7xx_hal_tim.o(.text.HAL_TIM_TriggerCallback)
    HAL_UART_ErrorCallback                   0x0800211b   Thumb Code     2  stm32f7xx_hal_uart.o(.text.HAL_UART_ErrorCallback)
    HAL_UART_IRQHandler                      0x0800211d   Thumb Code   300  stm32f7xx_hal_uart.o(.text.HAL_UART_IRQHandler)
    HAL_UART_Init                            0x0800224d   Thumb Code    56  stm32f7xx_hal_uart.o(.text.HAL_UART_Init)
    HAL_UART_MspInit                         0x08002285   Thumb Code    84  stm32f7xx_hal_msp.o(.text.HAL_UART_MspInit)
    HAL_UART_Transmit                        0x080022e1   Thumb Code   178  stm32f7xx_hal_uart.o(.text.HAL_UART_Transmit)
    HAL_UART_TxCpltCallback                  0x08002393   Thumb Code     2  stm32f7xx_hal_uart.o(.text.HAL_UART_TxCpltCallback)
    HardFault_Handler                        0x08002395   Thumb Code     6  stm32f7xx_it.o(.text.HardFault_Handler)
    MemManage_Handler                        0x0800239b   Thumb Code     6  stm32f7xx_it.o(.text.MemManage_Handler)
    NMI_Handler                              0x080023a1   Thumb Code     6  stm32f7xx_it.o(.text.NMI_Handler)
    PendSV_Handler                           0x08002711   Thumb Code   100  port.o(.text.PendSV_Handler)
    SVC_Handler                              0x08002781   Thumb Code    36  port.o(.text.SVC_Handler)
    SysTick_Handler                          0x080027a5   Thumb Code    44  port.o(.text.SysTick_Handler)
    SystemInit                               0x080027d5   Thumb Code    24  system_stm32f7xx.o(.text.SystemInit)
    TIM7_IRQHandler                          0x080027f1   Thumb Code     8  stm32f7xx_it.o(.text.TIM7_IRQHandler)
    TIM_Base_SetConfig                       0x080027fd   Thumb Code   172  stm32f7xx_hal_tim.o(.text.TIM_Base_SetConfig)
    TIM_CCxChannelCmd                        0x080028d1   Thumb Code    30  stm32f7xx_hal_tim.o(.text.TIM_CCxChannelCmd)
    TIM_OC2_SetConfig                        0x08002945   Thumb Code    96  stm32f7xx_hal_tim.o(.text.TIM_OC2_SetConfig)
    Task_Heartbeat                           0x08002b25   Thumb Code    32  task_heartbeat.o(.text.Task_Heartbeat)
    Task_Init                                0x08002b65   Thumb Code   260  task_init.o(.text.Task_Init)
    Task_Measurement_Queue                   0x08002d55   Thumb Code   296  task_measurement_queue.o(.text.Task_Measurement_Queue)
    Task_PushButton                          0x08002f41   Thumb Code   232  task_pushbutton.o(.text.Task_PushButton)
    UART_AdvFeatureConfig                    0x080030c1   Thumb Code   168  stm32f7xx_hal_uart.o(.text.UART_AdvFeatureConfig)
    UART_CheckIdleState                      0x08003169   Thumb Code    60  stm32f7xx_hal_uart.o(.text.UART_CheckIdleState)
    UART_SetConfig                           0x080031d1   Thumb Code   344  stm32f7xx_hal_uart.o(.text.UART_SetConfig)
    UART_WaitOnFlagUntilTimeout              0x08003361   Thumb Code   124  stm32f7xx_hal_uart.o(.text.UART_WaitOnFlagUntilTimeout)
    USART3_IRQHandler                        0x080033dd   Thumb Code    56  stm32f7xx_it.o(.text.USART3_IRQHandler)
    UsageFault_Handler                       0x0800341d   Thumb Code     6  stm32f7xx_it.o(.text.UsageFault_Handler)
    executeMeasurementApplication            0x08003449   Thumb Code    92  measurement_application.o(.text.executeMeasurementApplication)
    fputc                                    0x08003535   Thumb Code    16  retarget_io.o(.text.fputc)
    main                                     0x08003549   Thumb Code  1096  main.o(.text.main)
    osDelay                                  0x08003a3d   Thumb Code    44  cmsis_os2.o(.text.osDelay)
    osEventFlagsNew                          0x08003a69   Thumb Code    56  cmsis_os2.o(.text.osEventFlagsNew)
    osEventFlagsSet                          0x08003aa1   Thumb Code   100  cmsis_os2.o(.text.osEventFlagsSet)
    osEventFlagsWait                         0x08003b05   Thumb Code   120  cmsis_os2.o(.text.osEventFlagsWait)
    osKernelGetState                         0x08003b7d   Thumb Code    32  cmsis_os2.o(.text.osKernelGetState)
    osKernelInitialize                       0x08003b9d   Thumb Code    56  cmsis_os2.o(.text.osKernelInitialize)
    osKernelStart                            0x08003bd5   Thumb Code    60  cmsis_os2.o(.text.osKernelStart)
    osMessageQueueGet                        0x08003c11   Thumb Code   120  cmsis_os2.o(.text.osMessageQueueGet)
    osMessageQueueNew                        0x08003c89   Thumb Code   136  cmsis_os2.o(.text.osMessageQueueNew)
    osMessageQueuePut                        0x08003d11   Thumb Code   124  cmsis_os2.o(.text.osMessageQueuePut)
    osMutexAcquire                           0x08003d91   Thumb Code    92  cmsis_os2.o(.text.osMutexAcquire)
    osMutexNew                               0x08003df1   Thumb Code   120  cmsis_os2.o(.text.osMutexNew)
    osMutexRelease                           0x08003e6d   Thumb Code    72  cmsis_os2.o(.text.osMutexRelease)
    osThreadExit                             0x08003eb9   Thumb Code     8  cmsis_os2.o(.text.osThreadExit)
    osThreadNew                              0x08003ec1   Thumb Code   160  cmsis_os2.o(.text.osThreadNew)
    osTimerNew                               0x08003f65   Thumb Code   112  cmsis_os2.o(.text.osTimerNew)
    osTimerStart                             0x08003fdd   Thumb Code    68  cmsis_os2.o(.text.osTimerStart)
    pvPortMalloc                             0x08004785   Thumb Code   176  heap_2.o(.text.pvPortMalloc)
    pvTaskIncrementMutexHeldCount            0x08004839   Thumb Code    20  tasks.o(.text.pvTaskIncrementMutexHeldCount)
    pvTimerGetTimerID                        0x0800484d   Thumb Code    42  timers.o(.text.pvTimerGetTimerID)
    pxPortInitialiseStack                    0x08004879   Thumb Code    32  port.o(.text.pxPortInitialiseStack)
    stdout_putchar                           0x0800489d   Thumb Code    24  main.o(.text.stdout_putchar)
    uxListRemove                             0x080048b9   Thumb Code    34  list.o(.text.uxListRemove)
    uxTaskResetEventItemValue                0x080048dd   Thumb Code    20  tasks.o(.text.uxTaskResetEventItemValue)
    vApplicationGetIdleTaskMemory            0x080048f1   Thumb Code    16  cmsis_os2.o(.text.vApplicationGetIdleTaskMemory)
    vApplicationGetTimerTaskMemory           0x08004909   Thumb Code    16  cmsis_os2.o(.text.vApplicationGetTimerTaskMemory)
    vApplicationMallocFailedHook             0x08004921   Thumb Code    16  freertos.o(.text.vApplicationMallocFailedHook)
    vApplicationStackOverflowHook            0x0800494d   Thumb Code    16  freertos.o(.text.vApplicationStackOverflowHook)
    vEventGroupSetBitsCallback               0x08004989   Thumb Code     4  event_groups.o(.text.vEventGroupSetBitsCallback)
    vListInitialise                          0x0800498d   Thumb Code    22  list.o(.text.vListInitialise)
    vListInitialiseItem                      0x080049a3   Thumb Code     6  list.o(.text.vListInitialiseItem)
    vListInsert                              0x080049a9   Thumb Code    46  list.o(.text.vListInsert)
    vListInsertEnd                           0x080049d7   Thumb Code    26  list.o(.text.vListInsertEnd)
    vPortEnterCritical                       0x08004a05   Thumb Code    64  port.o(.text.vPortEnterCritical)
    vPortExitCritical                        0x08004a45   Thumb Code    44  port.o(.text.vPortExitCritical)
    vPortFree                                0x08004a75   Thumb Code    52  heap_2.o(.text.vPortFree)
    vPortSetupTimerInterrupt                 0x08004ab1   Thumb Code    32  port.o(.text.vPortSetupTimerInterrupt)
    vPortValidateInterruptPriority           0x08004ad9   Thumb Code    84  port.o(.text.vPortValidateInterruptPriority)
    vQueueAddToRegistry                      0x08004b39   Thumb Code    32  queue.o(.text.vQueueAddToRegistry)
    vQueueWaitForMessageRestricted           0x08004b5d   Thumb Code    64  queue.o(.text.vQueueWaitForMessageRestricted)
    vTaskDelay                               0x08004b9d   Thumb Code    68  tasks.o(.text.vTaskDelay)
    vTaskDelete                              0x08004be5   Thumb Code   136  tasks.o(.text.vTaskDelete)
    vTaskInternalSetTimeOutState             0x08004c71   Thumb Code    12  tasks.o(.text.vTaskInternalSetTimeOutState)
    vTaskMissedYield                         0x08004c7d   Thumb Code     8  tasks.o(.text.vTaskMissedYield)
    vTaskPlaceOnEventList                    0x08004c85   Thumb Code    52  tasks.o(.text.vTaskPlaceOnEventList)
    vTaskPlaceOnEventListRestricted          0x08004cbd   Thumb Code    60  tasks.o(.text.vTaskPlaceOnEventListRestricted)
    vTaskPlaceOnUnorderedEventList           0x08004cf9   Thumb Code    84  tasks.o(.text.vTaskPlaceOnUnorderedEventList)
    vTaskPriorityDisinheritAfterTimeout      0x08004d4d   Thumb Code   144  tasks.o(.text.vTaskPriorityDisinheritAfterTimeout)
    vTaskRemoveFromUnorderedEventList        0x08004ddd   Thumb Code   112  tasks.o(.text.vTaskRemoveFromUnorderedEventList)
    vTaskStartScheduler                      0x08004e4d   Thumb Code   124  tasks.o(.text.vTaskStartScheduler)
    vTaskSuspendAll                          0x08004ed5   Thumb Code    12  tasks.o(.text.vTaskSuspendAll)
    vTaskSwitchContext                       0x08004ee5   Thumb Code   144  tasks.o(.text.vTaskSwitchContext)
    xEventGroupCreate                        0x08004f7d   Thumb Code    28  event_groups.o(.text.xEventGroupCreate)
    xEventGroupCreateStatic                  0x08004f99   Thumb Code    78  event_groups.o(.text.xEventGroupCreateStatic)
    xEventGroupSetBits                       0x08004fe7   Thumb Code   150  event_groups.o(.text.xEventGroupSetBits)
    xEventGroupSetBitsFromISR                0x0800507d   Thumb Code    12  event_groups.o(.text.xEventGroupSetBitsFromISR)
    xEventGroupWaitBits                      0x0800508d   Thumb Code   296  event_groups.o(.text.xEventGroupWaitBits)
    xPortStartScheduler                      0x080051b5   Thumb Code   164  port.o(.text.xPortStartScheduler)
    xQueueCreateMutex                        0x08005269   Thumb Code    22  queue.o(.text.xQueueCreateMutex)
    xQueueCreateMutexStatic                  0x0800527f   Thumb Code    26  queue.o(.text.xQueueCreateMutexStatic)
    xQueueGenericCreate                      0x08005299   Thumb Code    76  queue.o(.text.xQueueGenericCreate)
    xQueueGenericCreateStatic                0x080052e5   Thumb Code   156  queue.o(.text.xQueueGenericCreateStatic)
    xQueueGenericReset                       0x08005381   Thumb Code   124  queue.o(.text.xQueueGenericReset)
    xQueueGenericSend                        0x08005401   Thumb Code   392  queue.o(.text.xQueueGenericSend)
    xQueueGenericSendFromISR                 0x08005589   Thumb Code   208  queue.o(.text.xQueueGenericSendFromISR)
    xQueueGiveMutexRecursive                 0x08005659   Thumb Code    66  queue.o(.text.xQueueGiveMutexRecursive)
    xQueueReceive                            0x0800569d   Thumb Code   316  queue.o(.text.xQueueReceive)
    xQueueReceiveFromISR                     0x080057dd   Thumb Code   172  queue.o(.text.xQueueReceiveFromISR)
    xQueueSemaphoreTake                      0x08005889   Thumb Code   404  queue.o(.text.xQueueSemaphoreTake)
    xQueueTakeMutexRecursive                 0x08005a21   Thumb Code    64  queue.o(.text.xQueueTakeMutexRecursive)
    xTaskCheckForTimeOut                     0x08005a61   Thumb Code   116  tasks.o(.text.xTaskCheckForTimeOut)
    xTaskCreate                              0x08005ad5   Thumb Code    88  tasks.o(.text.xTaskCreate)
    xTaskCreateStatic                        0x08005b2d   Thumb Code   124  tasks.o(.text.xTaskCreateStatic)
    xTaskGetCurrentTaskHandle                0x08005ba9   Thumb Code     8  tasks.o(.text.xTaskGetCurrentTaskHandle)
    xTaskGetSchedulerState                   0x08005bb1   Thumb Code    24  tasks.o(.text.xTaskGetSchedulerState)
    xTaskGetTickCount                        0x08005bc9   Thumb Code     8  tasks.o(.text.xTaskGetTickCount)
    xTaskIncrementTick                       0x08005bd1   Thumb Code   208  tasks.o(.text.xTaskIncrementTick)
    xTaskPriorityDisinherit                  0x08005ca1   Thumb Code   120  tasks.o(.text.xTaskPriorityDisinherit)
    xTaskPriorityInherit                     0x08005d19   Thumb Code   112  tasks.o(.text.xTaskPriorityInherit)
    xTaskRemoveFromEventList                 0x08005d89   Thumb Code    96  tasks.o(.text.xTaskRemoveFromEventList)
    xTaskResumeAll                           0x08005ded   Thumb Code   188  tasks.o(.text.xTaskResumeAll)
    xTimerCreate                             0x08005eb5   Thumb Code    52  timers.o(.text.xTimerCreate)
    xTimerCreateStatic                       0x08005ee9   Thumb Code    84  timers.o(.text.xTimerCreateStatic)
    xTimerCreateTimerTask                    0x08005f3d   Thumb Code    88  timers.o(.text.xTimerCreateTimerTask)
    xTimerGenericCommand                     0x08005fa5   Thumb Code    88  timers.o(.text.xTimerGenericCommand)
    xTimerPendFunctionCallFromISR            0x08005ffd   Thumb Code    32  timers.o(.text.xTimerPendFunctionCallFromISR)
    __0printf                                0x08006021   Thumb Code    22  printfa.o(i.__0printf)
    __1printf                                0x08006021   Thumb Code     0  printfa.o(i.__0printf)
    __2printf                                0x08006021   Thumb Code     0  printfa.o(i.__0printf)
    __c89printf                              0x08006021   Thumb Code     0  printfa.o(i.__0printf)
    printf                                   0x08006021   Thumb Code     0  printfa.o(i.__0printf)
    __0sprintf                               0x08006041   Thumb Code    34  printfa.o(i.__0sprintf)
    __1sprintf                               0x08006041   Thumb Code     0  printfa.o(i.__0sprintf)
    __2sprintf                               0x08006041   Thumb Code     0  printfa.o(i.__0sprintf)
    __c89sprintf                             0x08006041   Thumb Code     0  printfa.o(i.__0sprintf)
    sprintf                                  0x08006041   Thumb Code     0  printfa.o(i.__0sprintf)
    __scatterload_copy                       0x08006069   Thumb Code    14  handlers.o(i.__scatterload_copy)
    __scatterload_null                       0x08006077   Thumb Code     2  handlers.o(i.__scatterload_null)
    __scatterload_zeroinit                   0x08006079   Thumb Code    14  handlers.o(i.__scatterload_zeroinit)
    puts                                     0x08006945   Thumb Code    30  puts.o(i.puts)
    AHBPrescTable                            0x08006968   Data          16  system_stm32f7xx.o(.rodata.AHBPrescTable)
    APBPrescTable                            0x08006978   Data           8  system_stm32f7xx.o(.rodata.APBPrescTable)
    GPIO_PIN                                 0x08006980   Data           6  stm32f7xx_nucleo_144.o(.rodata.GPIO_PIN)
    Mutex_Display_attributes                 0x08006988   Data          16  osobjects.o(.rodata.Mutex_Display_attributes)
    Task_Heartbeat_1_attributes              0x08006998   Data          36  osobjects.o(.rodata.Task_Heartbeat_1_attributes)
    Task_Heartbeat_2_attributes              0x080069bc   Data          36  osobjects.o(.rodata.Task_Heartbeat_2_attributes)
    Task_Init_attributes                     0x080069e0   Data          36  osobjects.o(.rodata.Task_Init_attributes)
    Task_Measurement_Queue_attributes        0x08006a04   Data          36  osobjects.o(.rodata.Task_Measurement_Queue_attributes)
    Task_PushButton_attributes               0x08006a28   Data          36  osobjects.o(.rodata.Task_PushButton_attributes)
    Region$$Table$$Base                      0x08007034   Number         0  anon$$obj.o(Region$$Table)
    Region$$Table$$Limit                     0x08007054   Number         0  anon$$obj.o(Region$$Table)
    __stdin                                  0x20000000   Data           4  stdin.o(.data)
    __stdout                                 0x20000004   Data           4  stdout.o(.data)
    uwTickFreq                               0x20000008   Data           1  stm32f7xx_hal.o(.data..L_MergedGlobals)
    uwTickPrio                               0x2000000c   Data           4  stm32f7xx_hal.o(.data..L_MergedGlobals)
    BUTTON_PORT                              0x20000010   Data           4  stm32f7xx_nucleo_144.o(.data.BUTTON_PORT)
    GPIO_PORT                                0x20000014   Data          12  stm32f7xx_nucleo_144.o(.data.GPIO_PORT)
    LED_Heartbeat_2                          0x20000020   Data           1  osobjects.o(.data.LED_Heartbeat_2)
    SystemCoreClock                          0x20000024   Data           4  system_stm32f7xx.o(.data.SystemCoreClock)
    hdac                                     0x20000030   Data          20  main.o(.bss..L_MergedGlobals)
    htim6                                    0x20000044   Data          64  main.o(.bss..L_MergedGlobals)
    pxCurrentTCB                             0x20000084   Data           4  tasks.o(.bss..L_MergedGlobals)
    LED_Heartbeat_1                          0x200003ec   Data           1  osobjects.o(.bss.LED_Heartbeat_1)
    eventGroupHandle_Measurement             0x2000085c   Data           4  osobjects.o(.bss.eventGroupHandle_Measurement)
    eventGroupHandle_PushButton              0x20000860   Data           4  osobjects.o(.bss.eventGroupHandle_PushButton)
    globSimulatedButtonState                 0x20000864   Data           4  stm32f7xx_nucleo_144.o(.bss.globSimulatedButtonState)
    hadc1                                    0x20000868   Data          72  main.o(.bss.hadc1)
    htim1                                    0x200008b0   Data          64  main.o(.bss.htim1)
    htim7                                    0x200008f0   Data          64  stm32f7xx_hal_timebase_tim.o(.bss.htim7)
    huart3                                   0x20000930   Data         128  main.o(.bss.huart3)
    mutex_Display                            0x200009b0   Data           4  osobjects.o(.bss.mutex_Display)
    queueHandle_ADC_Measurement              0x20000f04   Data           4  osobjects.o(.bss.queueHandle_ADC_Measurement)
    queueHandle_Command_Measurement          0x20000f08   Data           4  osobjects.o(.bss.queueHandle_Command_Measurement)
    taskHandle_Heartbeat_1                   0x20000f0c   Data           4  osobjects.o(.bss.taskHandle_Heartbeat_1)
    taskHandle_Heartbeat_2                   0x20000f10   Data           4  osobjects.o(.bss.taskHandle_Heartbeat_2)
    taskHandle_Init                          0x20000f14   Data           4  osobjects.o(.bss.taskHandle_Init)
    taskHandle_Measurement_Queue             0x20000f18   Data           4  osobjects.o(.bss.taskHandle_Measurement_Queue)
    taskHandle_PushButton                    0x20000f1c   Data           4  osobjects.o(.bss.taskHandle_PushButton)
    uwTick                                   0x20004b20   Data           4  stm32f7xx_hal.o(.bss.uwTick)
    xQueueRegistry                           0x20004b24   Data          64  queue.o(.bss.xQueueRegistry)
    __initial_sp                             0x20004f68   Data           0  startup_stm32f746xx.o(STACK)



==============================================================================

Memory Map of the image

  Image Entry point : 0x080001c9

  Load Region LR_IROM1 (Base: 0x08000000, Size: 0x00007088, Max: 0x00100000, ABSOLUTE)

    Execution Region ER_IROM1 (Exec base: 0x08000000, Load base: 0x08000000, Size: 0x00007054, Max: 0x00100000, ABSOLUTE)

    Exec Addr    Load Addr    Size         Type   Attr      Idx    E Section Name        Object

    0x08000000   0x08000000   0x000001c8   Data   RO          213    RESET               startup_stm32f746xx.o
    0x080001c8   0x080001c8   0x00000000   Code   RO         2649  * .ARM.Collect$$$$00000000  mc_w.l(entry.o)
    0x080001c8   0x080001c8   0x00000004   Code   RO         2936    .ARM.Collect$$$$00000001  mc_w.l(entry2.o)
    0x080001cc   0x080001cc   0x00000004   Code   RO         2939    .ARM.Collect$$$$00000004  mc_w.l(entry5.o)
    0x080001d0   0x080001d0   0x00000000   Code   RO         2941    .ARM.Collect$$$$00000008  mc_w.l(entry7b.o)
    0x080001d0   0x080001d0   0x00000000   Code   RO         2943    .ARM.Collect$$$$0000000A  mc_w.l(entry8b.o)
    0x080001d0   0x080001d0   0x00000008   Code   RO         2944    .ARM.Collect$$$$0000000B  mc_w.l(entry9a.o)
    0x080001d8   0x080001d8   0x00000000   Code   RO         2946    .ARM.Collect$$$$0000000D  mc_w.l(entry10a.o)
    0x080001d8   0x080001d8   0x00000000   Code   RO         2948    .ARM.Collect$$$$0000000F  mc_w.l(entry11a.o)
    0x080001d8   0x080001d8   0x00000004   Code   RO         2937    .ARM.Collect$$$$00002712  mc_w.l(entry2.o)
    0x080001dc   0x080001dc   0x00000024   Code   RO          214    .text               startup_stm32f746xx.o
    0x08000200   0x08000200   0x00000006   Code   RO         2660    .text               mc_w.l(setvbuf.o)
    0x08000206   0x08000206   0x00000062   Code   RO         2665    .text               mc_w.l(uldiv.o)
    0x08000268   0x08000268   0x00000024   Code   RO         2667    .text               mc_w.l(memcpya.o)
    0x0800028c   0x0800028c   0x00000024   Code   RO         2669    .text               mc_w.l(memseta.o)
    0x080002b0   0x080002b0   0x00000026   Code   RO         2934    .text               mf_w.l(f2d.o)
    0x080002d6   0x080002d6   0x0000002c   Code   RO         2959    .text               mc_w.l(uidiv.o)
    0x08000302   0x08000302   0x0000001e   Code   RO         2961    .text               mc_w.l(llshl.o)
    0x08000320   0x08000320   0x00000020   Code   RO         2963    .text               mc_w.l(llushr.o)
    0x08000340   0x08000340   0x00000000   Code   RO         2965    .text               mc_w.l(iusefp.o)
    0x08000340   0x08000340   0x0000014e   Code   RO         2966    .text               mf_w.l(dadd.o)
    0x0800048e   0x0800048e   0x000000e4   Code   RO         2968    .text               mf_w.l(dmul.o)
    0x08000572   0x08000572   0x000000de   Code   RO         2970    .text               mf_w.l(ddiv.o)
    0x08000650   0x08000650   0x00000030   Code   RO         2972    .text               mf_w.l(dfixul.o)
    0x08000680   0x08000680   0x00000030   Code   RO         2974    .text               mf_w.l(cdrcmple.o)
    0x080006b0   0x080006b0   0x00000024   Code   RO         2976    .text               mc_w.l(init.o)
    0x080006d4   0x080006d4   0x00000024   Code   RO         2978    .text               mc_w.l(llsshr.o)
    0x080006f8   0x080006f8   0x000000ba   Code   RO         2980    .text               mf_w.l(depilogue.o)
    0x080007b2   0x080007b2   0x00000002   PAD
    0x080007b4   0x080007b4   0x00000070   Code   RO          151    .text.ADC_IRQHandler  stm32f7xx_it.o
    0x08000824   0x08000824   0x0000000c   Code   RO          221    .text.BSP_LCD_printStringXY  lcd.o
    0x08000830   0x08000830   0x00000054   Code   RO          232    .text.BSP_LED_Init  stm32f7xx_nucleo_144.o
    0x08000884   0x08000884   0x00000014   Code   RO          238    .text.BSP_LED_Off   stm32f7xx_nucleo_144.o
    0x08000898   0x08000898   0x00000014   Code   RO          236    .text.BSP_LED_On    stm32f7xx_nucleo_144.o
    0x080008ac   0x080008ac   0x0000001c   Code   RO          240    .text.BSP_LED_Toggle  stm32f7xx_nucleo_144.o
    0x080008c8   0x080008c8   0x00000028   Code   RO          246    .text.BSP_PB_GetState  stm32f7xx_nucleo_144.o
    0x080008f0   0x080008f0   0x00000078   Code   RO          242    .text.BSP_PB_Init   stm32f7xx_nucleo_144.o
    0x08000968   0x08000968   0x00000006   Code   RO          145    .text.BusFault_Handler  stm32f7xx_it.o
    0x0800096e   0x0800096e   0x00000002   PAD
    0x08000970   0x08000970   0x00000058   Code   RO           87    .text.Callback_Timer_PushButton  task_pushbutton.o
    0x080009c8   0x080009c8   0x00000002   Code   RO          149    .text.DebugMon_Handler  stm32f7xx_it.o
    0x080009ca   0x080009ca   0x00000008   Code   RO          106    .text.Error_Handler  main.o
    0x080009d2   0x080009d2   0x00000002   Code   RO          380    .text.HAL_ADCEx_InjectedConvCpltCallback  stm32f7xx_hal_adc_ex.o
    0x080009d4   0x080009d4   0x00000124   Code   RO          326    .text.HAL_ADC_ConfigChannel  stm32f7xx_hal_adc.o
    0x08000af8   0x08000af8   0x00000002   Code   RO          306    .text.HAL_ADC_ConvCpltCallback  stm32f7xx_hal_adc.o
    0x08000afa   0x08000afa   0x00000002   Code   RO          310    .text.HAL_ADC_ErrorCallback  stm32f7xx_hal_adc.o
    0x08000afc   0x08000afc   0x00000006   Code   RO          322    .text.HAL_ADC_GetValue  stm32f7xx_hal_adc.o
    0x08000b02   0x08000b02   0x00000128   Code   RO          304    .text.HAL_ADC_IRQHandler  stm32f7xx_hal_adc.o
    0x08000c2a   0x08000c2a   0x00000002   PAD
    0x08000c2c   0x08000c2c   0x00000144   Code   RO          284    .text.HAL_ADC_Init  stm32f7xx_hal_adc.o
    0x08000d70   0x08000d70   0x00000002   Code   RO          308    .text.HAL_ADC_LevelOutOfWindowCallback  stm32f7xx_hal_adc.o
    0x08000d72   0x08000d72   0x00000002   PAD
    0x08000d74   0x08000d74   0x00000048   Code   RO          169    .text.HAL_ADC_MspInit  stm32f7xx_hal_msp.o
    0x08000dbc   0x08000dbc   0x000000c4   Code   RO          300    .text.HAL_ADC_Start_IT  stm32f7xx_hal_adc.o
    0x08000e80   0x08000e80   0x00000016   Code   RO         1277    .text.HAL_DACEx_TriangleWaveGenerate  stm32f7xx_hal_dac_ex.o
    0x08000e96   0x08000e96   0x0000003e   Code   RO         1259    .text.HAL_DAC_ConfigChannel  stm32f7xx_hal_dac.o
    0x08000ed4   0x08000ed4   0x00000026   Code   RO         1225    .text.HAL_DAC_Init  stm32f7xx_hal_dac.o
    0x08000efa   0x08000efa   0x00000002   PAD
    0x08000efc   0x08000efc   0x00000040   Code   RO          173    .text.HAL_DAC_MspInit  stm32f7xx_hal_msp.o
    0x08000f3c   0x08000f3c   0x00000058   Code   RO         1233    .text.HAL_DAC_Start  stm32f7xx_hal_dac.o
    0x08000f94   0x08000f94   0x00000024   Code   RO          583    .text.HAL_DMA_Abort_IT  stm32f7xx_hal_dma.o
    0x08000fb8   0x08000fb8   0x00000194   Code   RO          545    .text.HAL_GPIO_Init  stm32f7xx_hal_gpio.o
    0x0800114c   0x0800114c   0x0000000a   Code   RO          549    .text.HAL_GPIO_ReadPin  stm32f7xx_hal_gpio.o
    0x08001156   0x08001156   0x0000000c   Code   RO          553    .text.HAL_GPIO_TogglePin  stm32f7xx_hal_gpio.o
    0x08001162   0x08001162   0x0000000a   Code   RO          551    .text.HAL_GPIO_WritePin  stm32f7xx_hal_gpio.o
    0x0800116c   0x0800116c   0x00000008   Code   RO          777    .text.HAL_GetTick   stm32f7xx_hal.o
    0x08001174   0x08001174   0x00000018   Code   RO          775    .text.HAL_IncTick   stm32f7xx_hal.o
    0x0800118c   0x0800118c   0x00000016   Code   RO          765    .text.HAL_Init      stm32f7xx_hal.o
    0x080011a2   0x080011a2   0x00000002   PAD
    0x080011a4   0x080011a4   0x00000074   Code   RO          197    .text.HAL_InitTick  stm32f7xx_hal_timebase_tim.o
    0x08001218   0x08001218   0x0000003c   Code   RO          167    .text.HAL_MspInit   stm32f7xx_hal_msp.o
    0x08001254   0x08001254   0x00000018   Code   RO          719    .text.HAL_NVIC_EnableIRQ  stm32f7xx_hal_cortex.o
    0x0800126c   0x0800126c   0x00000038   Code   RO          715    .text.HAL_NVIC_SetPriority  stm32f7xx_hal_cortex.o
    0x080012a4   0x080012a4   0x00000020   Code   RO          713    .text.HAL_NVIC_SetPriorityGrouping  stm32f7xx_hal_cortex.o
    0x080012c4   0x080012c4   0x0000000c   Code   RO          629    .text.HAL_PWR_EnableBkUpAccess  stm32f7xx_hal_pwr.o
    0x080012d0   0x080012d0   0x00000470   Code   RO          446    .text.HAL_RCCEx_PeriphCLKConfig  stm32f7xx_hal_rcc_ex.o
    0x08001740   0x08001740   0x00000108   Code   RO          404    .text.HAL_RCC_ClockConfig  stm32f7xx_hal_rcc.o
    0x08001848   0x08001848   0x00000038   Code   RO          422    .text.HAL_RCC_GetClockConfig  stm32f7xx_hal_rcc.o
    0x08001880   0x08001880   0x00000014   Code   RO          416    .text.HAL_RCC_GetPCLK1Freq  stm32f7xx_hal_rcc.o
    0x08001894   0x08001894   0x00000020   Code   RO          418    .text.HAL_RCC_GetPCLK2Freq  stm32f7xx_hal_rcc.o
    0x080018b4   0x080018b4   0x00000060   Code   RO          406    .text.HAL_RCC_GetSysClockFreq  stm32f7xx_hal_rcc.o
    0x08001914   0x08001914   0x00000318   Code   RO          402    .text.HAL_RCC_OscConfig  stm32f7xx_hal_rcc.o
    0x08001c2c   0x08001c2c   0x00000002   Code   RO         1751    .text.HAL_TIMEx_Break2Callback  stm32f7xx_hal_tim_ex.o
    0x08001c2e   0x08001c2e   0x00000002   Code   RO         1749    .text.HAL_TIMEx_BreakCallback  stm32f7xx_hal_tim_ex.o
    0x08001c30   0x08001c30   0x00000002   Code   RO         1745    .text.HAL_TIMEx_CommutCallback  stm32f7xx_hal_tim_ex.o
    0x08001c32   0x08001c32   0x00000002   PAD
    0x08001c34   0x08001c34   0x00000084   Code   RO         1739    .text.HAL_TIMEx_ConfigBreakDeadTime  stm32f7xx_hal_tim_ex.o
    0x08001cb8   0x08001cb8   0x00000094   Code   RO         1737    .text.HAL_TIMEx_MasterConfigSynchronization  stm32f7xx_hal_tim_ex.o
    0x08001d4c   0x08001d4c   0x00000020   Code   RO         1307    .text.HAL_TIM_Base_Init  stm32f7xx_hal_tim.o
    0x08001d6c   0x08001d6c   0x00000048   Code   RO          177    .text.HAL_TIM_Base_MspInit  stm32f7xx_hal_msp.o
    0x08001db4   0x08001db4   0x00000024   Code   RO         1317    .text.HAL_TIM_Base_Start  stm32f7xx_hal_tim.o
    0x08001dd8   0x08001dd8   0x00000028   Code   RO         1321    .text.HAL_TIM_Base_Start_IT  stm32f7xx_hal_tim.o
    0x08001e00   0x08001e00   0x000000b0   Code   RO         1495    .text.HAL_TIM_ConfigClockSource  stm32f7xx_hal_tim.o
    0x08001eb0   0x08001eb0   0x00000002   Code   RO         1443    .text.HAL_TIM_IC_CaptureCallback  stm32f7xx_hal_tim.o
    0x08001eb2   0x08001eb2   0x00000140   Code   RO         1441    .text.HAL_TIM_IRQHandler  stm32f7xx_hal_tim.o
    0x08001ff2   0x08001ff2   0x00000002   PAD
    0x08001ff4   0x08001ff4   0x00000044   Code   RO          179    .text.HAL_TIM_MspPostInit  stm32f7xx_hal_msp.o
    0x08002038   0x08002038   0x00000068   Code   RO         1453    .text.HAL_TIM_OC_ConfigChannel  stm32f7xx_hal_tim.o
    0x080020a0   0x080020a0   0x00000002   Code   RO         1445    .text.HAL_TIM_OC_DelayElapsedCallback  stm32f7xx_hal_tim.o
    0x080020a2   0x080020a2   0x00000020   Code   RO         1335    .text.HAL_TIM_OC_Init  stm32f7xx_hal_tim.o
    0x080020c2   0x080020c2   0x00000002   Code   RO         1337    .text.HAL_TIM_OC_MspInit  stm32f7xx_hal_tim.o
    0x080020c4   0x080020c4   0x0000003c   Code   RO         1343    .text.HAL_TIM_OC_Start  stm32f7xx_hal_tim.o
    0x08002100   0x08002100   0x00000002   Code   RO         1447    .text.HAL_TIM_PWM_PulseFinishedCallback  stm32f7xx_hal_tim.o
    0x08002102   0x08002102   0x00000002   PAD
    0x08002104   0x08002104   0x00000014   Code   RO          104    .text.HAL_TIM_PeriodElapsedCallback  main.o
    0x08002118   0x08002118   0x00000002   Code   RO         1451    .text.HAL_TIM_TriggerCallback  stm32f7xx_hal_tim.o
    0x0800211a   0x0800211a   0x00000002   Code   RO         1903    .text.HAL_UART_ErrorCallback  stm32f7xx_hal_uart.o
    0x0800211c   0x0800211c   0x00000130   Code   RO         1899    .text.HAL_UART_IRQHandler  stm32f7xx_hal_uart.o
    0x0800224c   0x0800224c   0x00000038   Code   RO         1813    .text.HAL_UART_Init  stm32f7xx_hal_uart.o
    0x08002284   0x08002284   0x0000005c   Code   RO          183    .text.HAL_UART_MspInit  stm32f7xx_hal_msp.o
    0x080022e0   0x080022e0   0x000000b2   Code   RO         1833    .text.HAL_UART_Transmit  stm32f7xx_hal_uart.o
    0x08002392   0x08002392   0x00000002   Code   RO         1905    .text.HAL_UART_TxCpltCallback  stm32f7xx_hal_uart.o
    0x08002394   0x08002394   0x00000006   Code   RO          141    .text.HardFault_Handler  stm32f7xx_it.o
    0x0800239a   0x0800239a   0x00000006   Code   RO          143    .text.MemManage_Handler  stm32f7xx_it.o
    0x080023a0   0x080023a0   0x00000006   Code   RO          139    .text.NMI_Handler   stm32f7xx_it.o
    0x080023a6   0x080023a6   0x0000000a   Code   RO           40    .text.OUTLINED_FUNCTION_0  task_init.o
    0x080023b0   0x080023b0   0x00000012   Code   RO           72    .text.OUTLINED_FUNCTION_0  task_measurement_queue.o
    0x080023c2   0x080023c2   0x00000008   Code   RO          108    .text.OUTLINED_FUNCTION_0  main.o
    0x080023ca   0x080023ca   0x00000006   Code   RO          157    .text.OUTLINED_FUNCTION_0  stm32f7xx_it.o
    0x080023d0   0x080023d0   0x0000001c   Code   RO          187    .text.OUTLINED_FUNCTION_0  stm32f7xx_hal_msp.o
    0x080023ec   0x080023ec   0x0000000a   Code   RO          334    .text.OUTLINED_FUNCTION_0  stm32f7xx_hal_adc.o
    0x080023f6   0x080023f6   0x0000001c   Code   RO          428    .text.OUTLINED_FUNCTION_0  stm32f7xx_hal_rcc.o
    0x08002412   0x08002412   0x00000008   Code   RO          460    .text.OUTLINED_FUNCTION_0  stm32f7xx_hal_rcc_ex.o
    0x0800241a   0x0800241a   0x00000022   Code   RO         1297    .text.OUTLINED_FUNCTION_0  stm32f7xx_hal_dac_ex.o
    0x0800243c   0x0800243c   0x00000014   Code   RO         1935    .text.OUTLINED_FUNCTION_0  stm32f7xx_hal_uart.o
    0x08002450   0x08002450   0x0000000e   Code   RO         2025    .text.OUTLINED_FUNCTION_0  event_groups.o
    0x0800245e   0x0800245e   0x00000006   Code   RO         2129    .text.OUTLINED_FUNCTION_0  queue.o
    0x08002464   0x08002464   0x00000008   Code   RO         2334    .text.OUTLINED_FUNCTION_0  tasks.o
    0x0800246c   0x0800246c   0x00000006   Code   RO         2548    .text.OUTLINED_FUNCTION_0  cmsis_os2.o
    0x08002472   0x08002472   0x00000008   Code   RO           74    .text.OUTLINED_FUNCTION_1  task_measurement_queue.o
    0x0800247a   0x0800247a   0x0000000c   Code   RO          110    .text.OUTLINED_FUNCTION_1  main.o
    0x08002486   0x08002486   0x00000014   Code   RO          336    .text.OUTLINED_FUNCTION_1  stm32f7xx_hal_adc.o
    0x0800249a   0x0800249a   0x00000006   Code   RO          430    .text.OUTLINED_FUNCTION_1  stm32f7xx_hal_rcc.o
    0x080024a0   0x080024a0   0x00000006   Code   RO          462    .text.OUTLINED_FUNCTION_1  stm32f7xx_hal_rcc_ex.o
    0x080024a6   0x080024a6   0x0000000e   Code   RO          755    .text.OUTLINED_FUNCTION_1  stm32f7xx_hal_cortex.o
    0x080024b4   0x080024b4   0x00000008   Code   RO         2131    .text.OUTLINED_FUNCTION_1  queue.o
    0x080024bc   0x080024bc   0x00000008   Code   RO         2336    .text.OUTLINED_FUNCTION_1  tasks.o
    0x080024c4   0x080024c4   0x0000000a   Code   RO         2550    .text.OUTLINED_FUNCTION_1  cmsis_os2.o
    0x080024ce   0x080024ce   0x00000014   Code   RO         1955    .text.OUTLINED_FUNCTION_10  stm32f7xx_hal_uart.o
    0x080024e2   0x080024e2   0x00000008   Code   RO         1555    .text.OUTLINED_FUNCTION_11  stm32f7xx_hal_tim.o
    0x080024ea   0x080024ea   0x0000000a   Code   RO         1559    .text.OUTLINED_FUNCTION_13  stm32f7xx_hal_tim.o
    0x080024f4   0x080024f4   0x00000012   Code   RO         1561    .text.OUTLINED_FUNCTION_14  stm32f7xx_hal_tim.o
    0x08002506   0x08002506   0x0000000a   Code   RO         1963    .text.OUTLINED_FUNCTION_14  stm32f7xx_hal_uart.o
    0x08002510   0x08002510   0x0000000e   Code   RO         1969    .text.OUTLINED_FUNCTION_17  stm32f7xx_hal_uart.o
    0x0800251e   0x0800251e   0x0000001a   Code   RO         1569    .text.OUTLINED_FUNCTION_18  stm32f7xx_hal_tim.o
    0x08002538   0x08002538   0x00000006   Code   RO         1973    .text.OUTLINED_FUNCTION_19  stm32f7xx_hal_uart.o
    0x0800253e   0x0800253e   0x0000000a   Code   RO          112    .text.OUTLINED_FUNCTION_2  main.o
    0x08002548   0x08002548   0x00000010   Code   RO          432    .text.OUTLINED_FUNCTION_2  stm32f7xx_hal_rcc.o
    0x08002558   0x08002558   0x00000014   Code   RO          464    .text.OUTLINED_FUNCTION_2  stm32f7xx_hal_rcc_ex.o
    0x0800256c   0x0800256c   0x0000000c   Code   RO         1939    .text.OUTLINED_FUNCTION_2  stm32f7xx_hal_uart.o
    0x08002578   0x08002578   0x00000006   Code   RO         2133    .text.OUTLINED_FUNCTION_2  queue.o
    0x0800257e   0x0800257e   0x00000006   Code   RO         2338    .text.OUTLINED_FUNCTION_2  tasks.o
    0x08002584   0x08002584   0x00000006   Code   RO         2552    .text.OUTLINED_FUNCTION_2  cmsis_os2.o
    0x0800258a   0x0800258a   0x0000000a   Code   RO         1573    .text.OUTLINED_FUNCTION_20  stm32f7xx_hal_tim.o
    0x08002594   0x08002594   0x00000014   Code   RO         1581    .text.OUTLINED_FUNCTION_24  stm32f7xx_hal_tim.o
    0x080025a8   0x080025a8   0x0000000e   Code   RO          340    .text.OUTLINED_FUNCTION_3  stm32f7xx_hal_adc.o
    0x080025b6   0x080025b6   0x00000010   Code   RO          434    .text.OUTLINED_FUNCTION_3  stm32f7xx_hal_rcc.o
    0x080025c6   0x080025c6   0x0000000a   Code   RO          466    .text.OUTLINED_FUNCTION_3  stm32f7xx_hal_rcc_ex.o
    0x080025d0   0x080025d0   0x00000006   Code   RO         2135    .text.OUTLINED_FUNCTION_3  queue.o
    0x080025d6   0x080025d6   0x0000000a   Code   RO         2340    .text.OUTLINED_FUNCTION_3  tasks.o
    0x080025e0   0x080025e0   0x00000006   Code   RO         2554    .text.OUTLINED_FUNCTION_3  cmsis_os2.o
    0x080025e6   0x080025e6   0x0000000e   Code   RO         1597    .text.OUTLINED_FUNCTION_32  stm32f7xx_hal_tim.o
    0x080025f4   0x080025f4   0x0000000c   Code   RO         1607    .text.OUTLINED_FUNCTION_37  stm32f7xx_hal_tim.o
    0x08002600   0x08002600   0x0000000c   Code   RO         1611    .text.OUTLINED_FUNCTION_39  stm32f7xx_hal_tim.o
    0x0800260c   0x0800260c   0x0000000e   Code   RO          342    .text.OUTLINED_FUNCTION_4  stm32f7xx_hal_adc.o
    0x0800261a   0x0800261a   0x0000000a   Code   RO          436    .text.OUTLINED_FUNCTION_4  stm32f7xx_hal_rcc.o
    0x08002624   0x08002624   0x0000000e   Code   RO          468    .text.OUTLINED_FUNCTION_4  stm32f7xx_hal_rcc_ex.o
    0x08002632   0x08002632   0x0000000c   Code   RO         1943    .text.OUTLINED_FUNCTION_4  stm32f7xx_hal_uart.o
    0x0800263e   0x0800263e   0x00000006   Code   RO         2137    .text.OUTLINED_FUNCTION_4  queue.o
    0x08002644   0x08002644   0x00000006   Code   RO         2556    .text.OUTLINED_FUNCTION_4  cmsis_os2.o
    0x0800264a   0x0800264a   0x0000000a   Code   RO         1619    .text.OUTLINED_FUNCTION_43  stm32f7xx_hal_tim.o
    0x08002654   0x08002654   0x00000006   Code   RO         1627    .text.OUTLINED_FUNCTION_47  stm32f7xx_hal_tim.o
    0x0800265a   0x0800265a   0x0000000a   Code   RO         1629    .text.OUTLINED_FUNCTION_48  stm32f7xx_hal_tim.o
    0x08002664   0x08002664   0x0000000a   Code   RO         1631    .text.OUTLINED_FUNCTION_49  stm32f7xx_hal_tim.o
    0x0800266e   0x0800266e   0x0000000a   Code   RO          344    .text.OUTLINED_FUNCTION_5  stm32f7xx_hal_adc.o
    0x08002678   0x08002678   0x00000008   Code   RO         1543    .text.OUTLINED_FUNCTION_5  stm32f7xx_hal_tim.o
    0x08002680   0x08002680   0x00000010   Code   RO         2139    .text.OUTLINED_FUNCTION_5  queue.o
    0x08002690   0x08002690   0x00000008   Code   RO         2344    .text.OUTLINED_FUNCTION_5  tasks.o
    0x08002698   0x08002698   0x0000000a   Code   RO         1633    .text.OUTLINED_FUNCTION_50  stm32f7xx_hal_tim.o
    0x080026a2   0x080026a2   0x0000000e   Code   RO          346    .text.OUTLINED_FUNCTION_6  stm32f7xx_hal_adc.o
    0x080026b0   0x080026b0   0x00000008   Code   RO         2141    .text.OUTLINED_FUNCTION_6  queue.o
    0x080026b8   0x080026b8   0x00000008   Code   RO         2560    .text.OUTLINED_FUNCTION_6  cmsis_os2.o
    0x080026c0   0x080026c0   0x00000008   Code   RO         1659    .text.OUTLINED_FUNCTION_63  stm32f7xx_hal_tim.o
    0x080026c8   0x080026c8   0x0000000e   Code   RO         1547    .text.OUTLINED_FUNCTION_7  stm32f7xx_hal_tim.o
    0x080026d6   0x080026d6   0x0000000e   Code   RO         1949    .text.OUTLINED_FUNCTION_7  stm32f7xx_hal_uart.o
    0x080026e4   0x080026e4   0x00000008   Code   RO         2143    .text.OUTLINED_FUNCTION_7  queue.o
    0x080026ec   0x080026ec   0x0000000a   Code   RO         2348    .text.OUTLINED_FUNCTION_7  tasks.o
    0x080026f6   0x080026f6   0x00000006   Code   RO         1549    .text.OUTLINED_FUNCTION_8  stm32f7xx_hal_tim.o
    0x080026fc   0x080026fc   0x00000006   Code   RO         2350    .text.OUTLINED_FUNCTION_8  tasks.o
    0x08002702   0x08002702   0x00000008   Code   RO         2352    .text.OUTLINED_FUNCTION_9  tasks.o
    0x0800270a   0x0800270a   0x00000006   PAD
    0x08002710   0x08002710   0x00000064   Code   RO         2614    .text.PendSV_Handler  port.o
    0x08002774   0x08002774   0x0000000c   PAD
    0x08002780   0x08002780   0x00000024   Code   RO         2598    .text.SVC_Handler   port.o
    0x080027a4   0x080027a4   0x00000030   Code   RO         2616    .text.SysTick_Handler  port.o
    0x080027d4   0x080027d4   0x0000001c   Code   RO          269    .text.SystemInit    system_stm32f7xx.o
    0x080027f0   0x080027f0   0x0000000c   Code   RO          153    .text.TIM7_IRQHandler  stm32f7xx_it.o
    0x080027fc   0x080027fc   0x000000d4   Code   RO         1311    .text.TIM_Base_SetConfig  stm32f7xx_hal_tim.o
    0x080028d0   0x080028d0   0x0000001e   Code   RO         1345    .text.TIM_CCxChannelCmd  stm32f7xx_hal_tim.o
    0x080028ee   0x080028ee   0x00000002   PAD
    0x080028f0   0x080028f0   0x00000054   Code   RO         1455    .text.TIM_OC1_SetConfig  stm32f7xx_hal_tim.o
    0x08002944   0x08002944   0x00000060   Code   RO         1457    .text.TIM_OC2_SetConfig  stm32f7xx_hal_tim.o
    0x080029a4   0x080029a4   0x00000064   Code   RO         1459    .text.TIM_OC3_SetConfig  stm32f7xx_hal_tim.o
    0x08002a08   0x08002a08   0x00000048   Code   RO         1461    .text.TIM_OC4_SetConfig  stm32f7xx_hal_tim.o
    0x08002a50   0x08002a50   0x00000044   Code   RO         1463    .text.TIM_OC5_SetConfig  stm32f7xx_hal_tim.o
    0x08002a94   0x08002a94   0x0000004c   Code   RO         1465    .text.TIM_OC6_SetConfig  stm32f7xx_hal_tim.o
    0x08002ae0   0x08002ae0   0x00000022   Code   RO         1497    .text.TIM_TI1_ConfigInputStage  stm32f7xx_hal_tim.o
    0x08002b02   0x08002b02   0x00000022   Code   RO         1499    .text.TIM_TI2_ConfigInputStage  stm32f7xx_hal_tim.o
    0x08002b24   0x08002b24   0x00000040   Code   RO           51    .text.Task_Heartbeat  task_heartbeat.o
    0x08002b64   0x08002b64   0x000001f0   Code   RO           38    .text.Task_Init     task_init.o
    0x08002d54   0x08002d54   0x000001ec   Code   RO           70    .text.Task_Measurement_Queue  task_measurement_queue.o
    0x08002f40   0x08002f40   0x0000016c   Code   RO           85    .text.Task_PushButton  task_pushbutton.o
    0x080030ac   0x080030ac   0x00000014   Code   RO         2482    .text.TimerCallback  cmsis_os2.o
    0x080030c0   0x080030c0   0x000000a8   Code   RO         1819    .text.UART_AdvFeatureConfig  stm32f7xx_hal_uart.o
    0x08003168   0x08003168   0x0000003c   Code   RO         1821    .text.UART_CheckIdleState  stm32f7xx_hal_uart.o
    0x080031a4   0x080031a4   0x00000010   Code   RO         1901    .text.UART_DMAAbortOnError  stm32f7xx_hal_uart.o
    0x080031b4   0x080031b4   0x0000001c   Code   RO         1871    .text.UART_EndRxTransfer  stm32f7xx_hal_uart.o
    0x080031d0   0x080031d0   0x00000190   Code   RO         1817    .text.UART_SetConfig  stm32f7xx_hal_uart.o
    0x08003360   0x08003360   0x0000007c   Code   RO         1835    .text.UART_WaitOnFlagUntilTimeout  stm32f7xx_hal_uart.o
    0x080033dc   0x080033dc   0x00000040   Code   RO          155    .text.USART3_IRQHandler  stm32f7xx_it.o
    0x0800341c   0x0800341c   0x00000006   Code   RO          147    .text.UsageFault_Handler  stm32f7xx_it.o
    0x08003422   0x08003422   0x00000002   PAD
    0x08003424   0x08003424   0x00000024   Code   RO          717    .text.__NVIC_SetPriority  stm32f7xx_hal_cortex.o
    0x08003448   0x08003448   0x000000ec   Code   RO           28    .text.executeMeasurementApplication  measurement_application.o
    0x08003534   0x08003534   0x00000014   Code   RO         2630    .text.fputc         retarget_io.o
    0x08003548   0x08003548   0x000004f4   Code   RO           98    .text.main          main.o
    0x08003a3c   0x08003a3c   0x0000002c   Code   RO         2476    .text.osDelay       cmsis_os2.o
    0x08003a68   0x08003a68   0x00000038   Code   RO         2494    .text.osEventFlagsNew  cmsis_os2.o
    0x08003aa0   0x08003aa0   0x00000064   Code   RO         2496    .text.osEventFlagsSet  cmsis_os2.o
    0x08003b04   0x08003b04   0x00000078   Code   RO         2502    .text.osEventFlagsWait  cmsis_os2.o
    0x08003b7c   0x08003b7c   0x00000020   Code   RO         2422    .text.osKernelGetState  cmsis_os2.o
    0x08003b9c   0x08003b9c   0x00000038   Code   RO         2418    .text.osKernelInitialize  cmsis_os2.o
    0x08003bd4   0x08003bd4   0x0000003c   Code   RO         2424    .text.osKernelStart  cmsis_os2.o
    0x08003c10   0x08003c10   0x00000078   Code   RO         2530    .text.osMessageQueueGet  cmsis_os2.o
    0x08003c88   0x08003c88   0x00000088   Code   RO         2526    .text.osMessageQueueNew  cmsis_os2.o
    0x08003d10   0x08003d10   0x00000080   Code   RO         2528    .text.osMessageQueuePut  cmsis_os2.o
    0x08003d90   0x08003d90   0x00000060   Code   RO         2508    .text.osMutexAcquire  cmsis_os2.o
    0x08003df0   0x08003df0   0x0000007c   Code   RO         2506    .text.osMutexNew    cmsis_os2.o
    0x08003e6c   0x08003e6c   0x0000004c   Code   RO         2510    .text.osMutexRelease  cmsis_os2.o
    0x08003eb8   0x08003eb8   0x00000008   Code   RO         2460    .text.osThreadExit  cmsis_os2.o
    0x08003ec0   0x08003ec0   0x000000a4   Code   RO         2440    .text.osThreadNew   cmsis_os2.o
    0x08003f64   0x08003f64   0x00000078   Code   RO         2480    .text.osTimerNew    cmsis_os2.o
    0x08003fdc   0x08003fdc   0x00000048   Code   RO         2486    .text.osTimerStart  cmsis_os2.o
    0x08004024   0x08004024   0x00000054   Code   RO         2236    .text.prvAddCurrentTaskToDelayedList  tasks.o
    0x08004078   0x08004078   0x000000bc   Code   RO         2222    .text.prvAddNewTaskToReadyList  tasks.o
    0x08004134   0x08004134   0x0000005c   Code   RO         2367    .text.prvCheckForValidListAndQueue  timers.o
    0x08004190   0x08004190   0x00000024   Code   RO         2093    .text.prvCopyDataFromQueue  queue.o
    0x080041b4   0x080041b4   0x00000070   Code   RO         2083    .text.prvCopyDataToQueue  queue.o
    0x08004224   0x08004224   0x0000003a   Code   RO         2228    .text.prvDeleteTCB  tasks.o
    0x0800425e   0x0800425e   0x00000002   PAD
    0x08004260   0x08004260   0x00000058   Code   RO         2262    .text.prvIdleTask   tasks.o
    0x080042b8   0x080042b8   0x00000016   Code   RO         2063    .text.prvInitialiseMutex  queue.o
    0x080042ce   0x080042ce   0x00000020   Code   RO         2057    .text.prvInitialiseNewQueue  queue.o
    0x080042ee   0x080042ee   0x00000096   Code   RO         2220    .text.prvInitialiseNewTask  tasks.o
    0x08004384   0x08004384   0x00000056   Code   RO         2373    .text.prvInitialiseNewTimer  timers.o
    0x080043da   0x080043da   0x00000002   PAD
    0x080043dc   0x080043dc   0x00000038   Code   RO         2405    .text.prvInsertTimerInActiveList  timers.o
    0x08004414   0x08004414   0x00000016   Code   RO         2095    .text.prvIsQueueEmpty  queue.o
    0x0800442a   0x0800442a   0x00000002   PAD
    0x0800442c   0x0800442c   0x00000028   Code   RO         2606    .text.prvPortStartFirstTask  port.o
    0x08004454   0x08004454   0x00000020   Code   RO         2230    .text.prvResetNextTaskUnblockTime  tasks.o
    0x08004474   0x08004474   0x00000094   Code   RO         2403    .text.prvSampleTimeNow  timers.o
    0x08004508   0x08004508   0x00000034   Code   RO         2596    .text.prvTaskExitError  port.o
    0x0800453c   0x0800453c   0x000001e4   Code   RO         2369    .text.prvTimerTask  timers.o
    0x08004720   0x08004720   0x00000062   Code   RO         2085    .text.prvUnlockQueue  queue.o
    0x08004782   0x08004782   0x00000002   PAD
    0x08004784   0x08004784   0x000000b4   Code   RO         2575    .text.pvPortMalloc  heap_2.o
    0x08004838   0x08004838   0x00000014   Code   RO         2320    .text.pvTaskIncrementMutexHeldCount  tasks.o
    0x0800484c   0x0800484c   0x0000002a   Code   RO         2391    .text.pvTimerGetTimerID  timers.o
    0x08004876   0x08004876   0x00000002   PAD
    0x08004878   0x08004878   0x00000024   Code   RO         2594    .text.pxPortInitialiseStack  port.o
    0x0800489c   0x0800489c   0x0000001c   Code   RO          100    .text.stdout_putchar  main.o
    0x080048b8   0x080048b8   0x00000022   Code   RO         2043    .text.uxListRemove  list.o
    0x080048da   0x080048da   0x00000002   PAD
    0x080048dc   0x080048dc   0x00000014   Code   RO         2318    .text.uxTaskResetEventItemValue  tasks.o
    0x080048f0   0x080048f0   0x00000018   Code   RO         2544    .text.vApplicationGetIdleTaskMemory  cmsis_os2.o
    0x08004908   0x08004908   0x00000018   Code   RO         2546    .text.vApplicationGetTimerTaskMemory  cmsis_os2.o
    0x08004920   0x08004920   0x0000002c   Code   RO          129    .text.vApplicationMallocFailedHook  freertos.o
    0x0800494c   0x0800494c   0x0000003c   Code   RO          127    .text.vApplicationStackOverflowHook  freertos.o
    0x08004988   0x08004988   0x00000004   Code   RO         2017    .text.vEventGroupSetBitsCallback  event_groups.o
    0x0800498c   0x0800498c   0x00000016   Code   RO         2035    .text.vListInitialise  list.o
    0x080049a2   0x080049a2   0x00000006   Code   RO         2037    .text.vListInitialiseItem  list.o
    0x080049a8   0x080049a8   0x0000002e   Code   RO         2041    .text.vListInsert   list.o
    0x080049d6   0x080049d6   0x0000001a   Code   RO         2039    .text.vListInsertEnd  list.o
    0x080049f0   0x080049f0   0x00000014   Code   RO         2604    .text.vPortEnableVFP  port.o
    0x08004a04   0x08004a04   0x00000040   Code   RO         2610    .text.vPortEnterCritical  port.o
    0x08004a44   0x08004a44   0x00000030   Code   RO         2612    .text.vPortExitCritical  port.o
    0x08004a74   0x08004a74   0x0000003c   Code   RO         2577    .text.vPortFree     heap_2.o
    0x08004ab0   0x08004ab0   0x00000028   Code   RO         2602    .text.vPortSetupTimerInterrupt  port.o
    0x08004ad8   0x08004ad8   0x00000060   Code   RO         2618    .text.vPortValidateInterruptPriority  port.o
    0x08004b38   0x08004b38   0x00000024   Code   RO         2123    .text.vQueueAddToRegistry  queue.o
    0x08004b5c   0x08004b5c   0x00000040   Code   RO         2127    .text.vQueueWaitForMessageRestricted  queue.o
    0x08004b9c   0x08004b9c   0x00000048   Code   RO         2240    .text.vTaskDelay    tasks.o
    0x08004be4   0x08004be4   0x0000008c   Code   RO         2226    .text.vTaskDelete   tasks.o
    0x08004c70   0x08004c70   0x0000000c   Code   RO         2292    .text.vTaskInternalSetTimeOutState  tasks.o
    0x08004c7c   0x08004c7c   0x00000008   Code   RO         2296    .text.vTaskMissedYield  tasks.o
    0x08004c84   0x08004c84   0x00000038   Code   RO         2280    .text.vTaskPlaceOnEventList  tasks.o
    0x08004cbc   0x08004cbc   0x0000003c   Code   RO         2284    .text.vTaskPlaceOnEventListRestricted  tasks.o
    0x08004cf8   0x08004cf8   0x00000054   Code   RO         2282    .text.vTaskPlaceOnUnorderedEventList  tasks.o
    0x08004d4c   0x08004d4c   0x00000090   Code   RO         2316    .text.vTaskPriorityDisinheritAfterTimeout  tasks.o
    0x08004ddc   0x08004ddc   0x00000070   Code   RO         2288    .text.vTaskRemoveFromUnorderedEventList  tasks.o
    0x08004e4c   0x08004e4c   0x00000088   Code   RO         2260    .text.vTaskStartScheduler  tasks.o
    0x08004ed4   0x08004ed4   0x00000010   Code   RO         2234    .text.vTaskSuspendAll  tasks.o
    0x08004ee4   0x08004ee4   0x00000098   Code   RO         2252    .text.vTaskSwitchContext  tasks.o
    0x08004f7c   0x08004f7c   0x0000001c   Code   RO         1999    .text.xEventGroupCreate  event_groups.o
    0x08004f98   0x08004f98   0x0000004e   Code   RO         1997    .text.xEventGroupCreateStatic  event_groups.o
    0x08004fe6   0x08004fe6   0x00000096   Code   RO         2003    .text.xEventGroupSetBits  event_groups.o
    0x0800507c   0x0800507c   0x00000010   Code   RO         2019    .text.xEventGroupSetBitsFromISR  event_groups.o
    0x0800508c   0x0800508c   0x00000128   Code   RO         2005    .text.xEventGroupWaitBits  event_groups.o
    0x080051b4   0x080051b4   0x000000b4   Code   RO         2600    .text.xPortStartScheduler  port.o
    0x08005268   0x08005268   0x00000016   Code   RO         2061    .text.xQueueCreateMutex  queue.o
    0x0800527e   0x0800527e   0x0000001a   Code   RO         2065    .text.xQueueCreateMutexStatic  queue.o
    0x08005298   0x08005298   0x0000004c   Code   RO         2059    .text.xQueueGenericCreate  queue.o
    0x080052e4   0x080052e4   0x0000009c   Code   RO         2055    .text.xQueueGenericCreateStatic  queue.o
    0x08005380   0x08005380   0x00000080   Code   RO         2053    .text.xQueueGenericReset  queue.o
    0x08005400   0x08005400   0x00000188   Code   RO         2073    .text.xQueueGenericSend  queue.o
    0x08005588   0x08005588   0x000000d0   Code   RO         2087    .text.xQueueGenericSendFromISR  queue.o
    0x08005658   0x08005658   0x00000042   Code   RO         2071    .text.xQueueGiveMutexRecursive  queue.o
    0x0800569a   0x0800569a   0x00000002   PAD
    0x0800569c   0x0800569c   0x00000140   Code   RO         2091    .text.xQueueReceive  queue.o
    0x080057dc   0x080057dc   0x000000ac   Code   RO         2099    .text.xQueueReceiveFromISR  queue.o
    0x08005888   0x08005888   0x00000198   Code   RO         2077    .text.xQueueSemaphoreTake  queue.o
    0x08005a20   0x08005a20   0x00000040   Code   RO         2075    .text.xQueueTakeMutexRecursive  queue.o
    0x08005a60   0x08005a60   0x00000074   Code   RO         2294    .text.xTaskCheckForTimeOut  tasks.o
    0x08005ad4   0x08005ad4   0x00000058   Code   RO         2224    .text.xTaskCreate   tasks.o
    0x08005b2c   0x08005b2c   0x0000007c   Code   RO         2218    .text.xTaskCreateStatic  tasks.o
    0x08005ba8   0x08005ba8   0x00000008   Code   RO         2308    .text.xTaskGetCurrentTaskHandle  tasks.o
    0x08005bb0   0x08005bb0   0x00000018   Code   RO         2310    .text.xTaskGetSchedulerState  tasks.o
    0x08005bc8   0x08005bc8   0x00000008   Code   RO         2268    .text.xTaskGetTickCount  tasks.o
    0x08005bd0   0x08005bd0   0x000000d0   Code   RO         2266    .text.xTaskIncrementTick  tasks.o
    0x08005ca0   0x08005ca0   0x00000078   Code   RO         2314    .text.xTaskPriorityDisinherit  tasks.o
    0x08005d18   0x08005d18   0x00000070   Code   RO         2312    .text.xTaskPriorityInherit  tasks.o
    0x08005d88   0x08005d88   0x00000064   Code   RO         2286    .text.xTaskRemoveFromEventList  tasks.o
    0x08005dec   0x08005dec   0x000000c8   Code   RO         2238    .text.xTaskResumeAll  tasks.o
    0x08005eb4   0x08005eb4   0x00000034   Code   RO         2371    .text.xTimerCreate  timers.o
    0x08005ee8   0x08005ee8   0x00000054   Code   RO         2375    .text.xTimerCreateStatic  timers.o
    0x08005f3c   0x08005f3c   0x00000068   Code   RO         2365    .text.xTimerCreateTimerTask  timers.o
    0x08005fa4   0x08005fa4   0x00000058   Code   RO         2377    .text.xTimerGenericCommand  timers.o
    0x08005ffc   0x08005ffc   0x00000024   Code   RO         2395    .text.xTimerPendFunctionCallFromISR  timers.o
    0x08006020   0x08006020   0x00000020   Code   RO         2906    i.__0printf         mc_w.l(printfa.o)
    0x08006040   0x08006040   0x00000028   Code   RO         2908    i.__0sprintf        mc_w.l(printfa.o)
    0x08006068   0x08006068   0x0000000e   Code   RO         2984    i.__scatterload_copy  mc_w.l(handlers.o)
    0x08006076   0x08006076   0x00000002   Code   RO         2985    i.__scatterload_null  mc_w.l(handlers.o)
    0x08006078   0x08006078   0x0000000e   Code   RO         2986    i.__scatterload_zeroinit  mc_w.l(handlers.o)
    0x08006086   0x08006086   0x00000002   PAD
    0x08006088   0x08006088   0x00000184   Code   RO         2913    i._fp_digits        mc_w.l(printfa.o)
    0x0800620c   0x0800620c   0x000006dc   Code   RO         2914    i._printf_core      mc_w.l(printfa.o)
    0x080068e8   0x080068e8   0x00000024   Code   RO         2915    i._printf_post_padding  mc_w.l(printfa.o)
    0x0800690c   0x0800690c   0x0000002e   Code   RO         2916    i._printf_pre_padding  mc_w.l(printfa.o)
    0x0800693a   0x0800693a   0x0000000a   Code   RO         2918    i._sputc            mc_w.l(printfa.o)
    0x08006944   0x08006944   0x00000024   Code   RO         2654    i.puts              mc_w.l(puts.o)
    0x08006968   0x08006968   0x00000010   Data   RO          274    .rodata.AHBPrescTable  system_stm32f7xx.o
    0x08006978   0x08006978   0x00000008   Data   RO          275    .rodata.APBPrescTable  system_stm32f7xx.o
    0x08006980   0x08006980   0x00000006   Data   RO          256    .rodata.GPIO_PIN    stm32f7xx_nucleo_144.o
    0x08006986   0x08006986   0x00000002   PAD
    0x08006988   0x08006988   0x00000010   Data   RO           18    .rodata.Mutex_Display_attributes  osobjects.o
    0x08006998   0x08006998   0x00000024   Data   RO            8    .rodata.Task_Heartbeat_1_attributes  osobjects.o
    0x080069bc   0x080069bc   0x00000024   Data   RO           10    .rodata.Task_Heartbeat_2_attributes  osobjects.o
    0x080069e0   0x080069e0   0x00000024   Data   RO            6    .rodata.Task_Init_attributes  osobjects.o
    0x08006a04   0x08006a04   0x00000024   Data   RO           14    .rodata.Task_Measurement_Queue_attributes  osobjects.o
    0x08006a28   0x08006a28   0x00000024   Data   RO           16    .rodata.Task_PushButton_attributes  osobjects.o
    0x08006a4c   0x08006a4c   0x00000020   Data   RO         1975    .rodata.cst16       stm32f7xx_hal_uart.o
    0x08006a6c   0x08006a6c   0x00000061   Data   RO            5    .rodata.str1.1      osobjects.o
    0x08006acd   0x08006acd   0x000000ab   Data   RO           30    .rodata.str1.1      measurement_application.o
    0x08006b78   0x08006b78   0x000002eb   Data   RO           42    .rodata.str1.1      task_init.o
    0x08006e63   0x08006e63   0x0000011f   Data   RO           76    .rodata.str1.1      task_measurement_queue.o
    0x08006f82   0x08006f82   0x000000b0   Data   RO           89    .rodata.str1.1      task_pushbutton.o
    0x08007032   0x08007032   0x00000002   PAD
    0x08007034   0x08007034   0x00000020   Data   RO         2983    Region$$Table       anon$$obj.o


    Execution Region RW_IRAM1 (Exec base: 0x20000000, Load base: 0x08007058, Size: 0x00004f68, Max: 0x00050000, ABSOLUTE)

    Exec Addr    Load Addr    Size         Type   Attr      Idx    E Section Name        Object

    0x20000000   0x08007058   0x00000004   Data   RW         2662    .data               mc_w.l(stdin.o)
    0x20000004   0x0800705c   0x00000004   Data   RW         2663    .data               mc_w.l(stdout.o)
    0x20000008   0x08007060   0x00000008   Data   RW          832    .data..L_MergedGlobals  stm32f7xx_hal.o
    0x20000010   0x08007068   0x00000004   Data   RW          257    .data.BUTTON_PORT   stm32f7xx_nucleo_144.o
    0x20000014   0x0800706c   0x0000000c   Data   RW          255    .data.GPIO_PORT     stm32f7xx_nucleo_144.o
    0x20000020   0x08007078   0x00000001   Data   RW            3    .data.LED_Heartbeat_2  osobjects.o
    0x20000021   0x08007079   0x00000003   PAD
    0x20000024   0x0800707c   0x00000004   Data   RW          273    .data.SystemCoreClock  system_stm32f7xx.o
    0x20000028   0x08007080   0x00000004   Data   RW         2620    .data.uxCriticalNesting  port.o
    0x2000002c   0x08007084   0x00000004   Data   RW         2583    .data.xFreeBytesRemaining  heap_2.o
    0x20000030        -       0x00000054   Zero   RW          118    .bss..L_MergedGlobals  main.o
    0x20000084        -       0x00000078   Zero   RW         2355    .bss..L_MergedGlobals  tasks.o
    0x200000fc        -       0x0000003c   Zero   RW         2409    .bss..L_MergedGlobals  timers.o
    0x20000138        -       0x00000014   Zero   RW         2585    .bss..L_MergedGlobals  heap_2.o
    0x2000014c        -       0x00000008   Zero   RW         2621    .bss..L_MergedGlobals  port.o
    0x20000154        -       0x00000028   Zero   RW         2356    .bss..L_MergedGlobals.1  tasks.o
    0x2000017c        -       0x00000200   Zero   RW         2564    .bss.Idle_Stack     cmsis_os2.o
    0x2000037c        -       0x0000006c   Zero   RW         2563    .bss.Idle_TCB       cmsis_os2.o
    0x200003e8        -       0x00000004   Zero   RW         2562    .bss.KernelState    cmsis_os2.o
    0x200003ec        -       0x00000001   Zero   RW            2    .bss.LED_Heartbeat_1  osobjects.o
    0x200003ed   0x08007088   0x00000003   PAD
    0x200003f0        -       0x00000400   Zero   RW         2566    .bss.Timer_Stack    cmsis_os2.o
    0x200007f0        -       0x0000006c   Zero   RW         2565    .bss.Timer_TCB      cmsis_os2.o
    0x2000085c        -       0x00000004   Zero   RW           19    .bss.eventGroupHandle_Measurement  osobjects.o
    0x20000860        -       0x00000004   Zero   RW           20    .bss.eventGroupHandle_PushButton  osobjects.o
    0x20000864        -       0x00000004   Zero   RW          254    .bss.globSimulatedButtonState  stm32f7xx_nucleo_144.o
    0x20000868        -       0x00000048   Zero   RW          115    .bss.hadc1          main.o
    0x200008b0        -       0x00000040   Zero   RW          116    .bss.htim1          main.o
    0x200008f0        -       0x00000040   Zero   RW          203    .bss.htim7          stm32f7xx_hal_timebase_tim.o
    0x20000930        -       0x00000080   Zero   RW          114    .bss.huart3         main.o
    0x200009b0        -       0x00000004   Zero   RW           17    .bss.mutex_Display  osobjects.o
    0x200009b4        -       0x000000a0   Zero   RW         2408    .bss.prvCheckForValidListAndQueue.ucStaticTimerQueueStorage  timers.o
    0x20000a54        -       0x00000050   Zero   RW         2407    .bss.prvCheckForValidListAndQueue.xStaticTimerQueue  timers.o
    0x20000aa4        -       0x00000460   Zero   RW         2354    .bss.pxReadyTasksLists  tasks.o
    0x20000f04        -       0x00000004   Zero   RW           21    .bss.queueHandle_ADC_Measurement  osobjects.o
    0x20000f08        -       0x00000004   Zero   RW           22    .bss.queueHandle_Command_Measurement  osobjects.o
    0x20000f0c        -       0x00000004   Zero   RW            7    .bss.taskHandle_Heartbeat_1  osobjects.o
    0x20000f10        -       0x00000004   Zero   RW            9    .bss.taskHandle_Heartbeat_2  osobjects.o
    0x20000f14        -       0x00000004   Zero   RW            4    .bss.taskHandle_Init  osobjects.o
    0x20000f18        -       0x00000004   Zero   RW           13    .bss.taskHandle_Measurement_Queue  osobjects.o
    0x20000f1c        -       0x00000004   Zero   RW           15    .bss.taskHandle_PushButton  osobjects.o
    0x20000f20        -       0x00003c00   Zero   RW         2584    .bss.ucHeap         heap_2.o
    0x20004b20        -       0x00000004   Zero   RW          831    .bss.uwTick         stm32f7xx_hal.o
    0x20004b24        -       0x00000040   Zero   RW         2145    .bss.xQueueRegistry  queue.o
    0x20004b64   0x08007088   0x00000004   PAD
    0x20004b68        -       0x00000400   Zero   RW          211    STACK               startup_stm32f746xx.o


==============================================================================

Image component sizes


      Code (inc. data)   RO Data    RW Data    ZI Data      Debug   Object Name

      1622         48          0          0       1756      37958   cmsis_os2.o
       586          4          0          0          0       9679   event_groups.o
       104         72          0          0          0        995   freertos.o
       240         12          0          4      15380       3098   heap_2.o
        12          4          0          0          0       1018   lcd.o
       134          0          0          0          0       2311   list.o
      1354        188          0          0        348      15659   main.o
       236        144        171          0          0       2525   measurement_application.o
         0          0        293          1         41       3451   osobjects.o
       760         68          0          4          8       3934   port.o
      2524         16          0          0         64      23224   queue.o
        20          4          0          0          0       2272   retarget_io.o
        36          8        456          0       1024        896   startup_stm32f746xx.o
        54          8          0          8          4       8084   stm32f7xx_hal.o
      1202         36          0          0          0      11026   stm32f7xx_hal_adc.o
         2          0          0          0          0       9180   stm32f7xx_hal_adc_ex.o
       162         20          0          0          0      11374   stm32f7xx_hal_cortex.o
       188          0          0          0          0       7942   stm32f7xx_hal_dac.o
        56          0          0          0          0       5279   stm32f7xx_hal_dac_ex.o
        36          0          0          0          0       9439   stm32f7xx_hal_dma.o
       436         24          0          0          0       5215   stm32f7xx_hal_gpio.o
       456         32          0          0          0      12085   stm32f7xx_hal_msp.o
        12          0          0          0          0       5548   stm32f7xx_hal_pwr.o
      1336         52          0          0          0       8294   stm32f7xx_hal_rcc.o
      1194         12          0          0          0       7147   stm32f7xx_hal_rcc_ex.o
      1828         78          0          0          0      44358   stm32f7xx_hal_tim.o
       286         32          0          0          0      17540   stm32f7xx_hal_tim_ex.o
       116         12          0          0         64       7261   stm32f7xx_hal_timebase_tim.o
      1446         80         32          0          0      22795   stm32f7xx_hal_uart.o
       226         68          0          0          0       6277   stm32f7xx_it.o
       312         24          6         16          4      10721   stm32f7xx_nucleo_144.o
        28          4         24          4          0       3428   system_stm32f7xx.o
        64         32          0          0          0       1148   task_heartbeat.o
       506        236        747          0          0       2276   task_init.o
       518        196        287          0          0       4152   task_measurement_queue.o
       452        200        176          0          0       2918   task_pushbutton.o
      2804         80          0          0       1280      30513   tasks.o
      1272         58          0          0        300      14457   timers.o

    ----------------------------------------------------------------------
     22672       1864       2228         40      20280     375477   Object Totals
         0          0         32          0          0          0   (incl. Generated)
        52         12          4          3          7          0   (incl. Padding)

    ----------------------------------------------------------------------

      Code (inc. data)   RO Data    RW Data    ZI Data      Debug   Library Member Name

         0          0          0          0          0          0   entry.o
         0          0          0          0          0          0   entry10a.o
         0          0          0          0          0          0   entry11a.o
         8          4          0          0          0          0   entry2.o
         4          0          0          0          0          0   entry5.o
         0          0          0          0          0          0   entry7b.o
         0          0          0          0          0          0   entry8b.o
         8          4          0          0          0          0   entry9a.o
        30          0          0          0          0          0   handlers.o
        36          8          0          0          0         68   init.o
         0          0          0          0          0          0   iusefp.o
        30          0          0          0          0         68   llshl.o
        36          0          0          0          0         68   llsshr.o
        32          0          0          0          0         68   llushr.o
        36          0          0          0          0         68   memcpya.o
        36          0          0          0          0        108   memseta.o
      2308         96          0          0          0        604   printfa.o
        36          6          0          0          0         80   puts.o
         6          0          0          0          0         68   setvbuf.o
         0          0          0          4          0          0   stdin.o
         0          0          0          4          0          0   stdout.o
        44          0          0          0          0         80   uidiv.o
        98          0          0          0          0         92   uldiv.o
        48          0          0          0          0         68   cdrcmple.o
       334          0          0          0          0        148   dadd.o
       222          0          0          0          0        100   ddiv.o
       186          0          0          0          0        176   depilogue.o
        48          0          0          0          0         68   dfixul.o
       228          0          0          0          0         96   dmul.o
        38          0          0          0          0         68   f2d.o

    ----------------------------------------------------------------------
      3856        118          0          8          0       2096   Library Totals
         4          0          0          0          0          0   (incl. Padding)

    ----------------------------------------------------------------------

      Code (inc. data)   RO Data    RW Data    ZI Data      Debug   Library Name

      2748        118          0          8          0       1372   mc_w.l
      1104          0          0          0          0        724   mf_w.l

    ----------------------------------------------------------------------
      3856        118          0          8          0       2096   Library Totals

    ----------------------------------------------------------------------

==============================================================================


      Code (inc. data)   RO Data    RW Data    ZI Data      Debug   

     26528       1982       2228         48      20280     375985   Grand Totals
     26528       1982       2228         48      20280     375985   ELF Image Totals
     26528       1982       2228         48          0          0   ROM Totals

==============================================================================

    Total RO  Size (Code + RO Data)                28756 (  28.08kB)
    Total RW  Size (RW Data + ZI Data)             20328 (  19.85kB)
    Total ROM Size (Code + RO Data + RW Data)      28804 (  28.13kB)

==============================================================================

