<html>
<body>
<pre>
<h1>µVision Build Log</h1>
<h2>Tool Versions:</h2>
IDE-Version: µVision V5.36.0.0
Copyright (C) 2021 ARM Ltd and ARM Germany GmbH. All rights reserved.
License Information: Teilnehmer Seminar, MicroConsult GmbH, LIC=----
 
Tool Versions:
Toolchain:       MDK-Lite  Version: 5.36.0.0
Toolchain Path:  C:\Keil_v5\ARM\ARMCLANG\Bin
C Compiler:      ArmClang.exe V6.16
Assembler:       Armasm.exe V6.16
Linker/Locator:  ArmLink.exe V6.16
Library Manager: ArmAr.exe V6.16
Hex Converter:   FromElf.exe V6.16
CPU DLL:         SARMCM3.DLL V5.36.0.0
Dialog DLL:      DCM.DLL V1.17.3.0
Target DLL:      STLink\ST-LINKIII-KEIL_SWO.dll V3.0.9.0
Dialog DLL:      TCM.DLL V1.53.0.0
 
<h2>Project:</h2>
C:\Exercise\rtos-arch_exercise\RTOS-ARCH\MDK-ARM_CMSIS-RTOS2_FreeRTOS_STM32NUCLEO-F746ZG\Measurement_System__Solution\MDK-ARM\Measurement_System_CMSIS-RTOS2_FreeRTOS.uvprojx
Project File Date:  04/13/2022

<h2>Output:</h2>
*** Using Compiler 'V6.16', folder: 'C:\Keil_v5\ARM\ARMCLANG\Bin'
Rebuild target 'Measurement_System_CMSIS-RTOS2_FreeRTOS'
compiling Task_PushButton.c...
compiling Task_Heartbeat.c...
compiling Task_Init.c...
compiling osObjects.c...
compiling Measurement_Application.c...
compiling Task_Measurement_Signal.c...
compiling Task_Measurement_Queue.c...
assembling startup_stm32f746xx.s...
compiling LCD.c...
compiling freertos.c...
compiling stm32f7xx_hal_timebase_tim.c...
compiling stm32f7xx_it.c...
compiling stm32f7xx_hal_msp.c...
compiling main.c...
compiling stm32f7xx_nucleo_144.c...
compiling system_stm32f7xx.c...
compiling stm32f7xx_hal_flash.c...
compiling stm32f7xx_hal_adc_ex.c...
compiling stm32f7xx_hal_rcc.c...
compiling stm32f7xx_hal_adc.c...
compiling stm32f7xx_hal_rcc_ex.c...
compiling stm32f7xx_hal_flash_ex.c...
compiling stm32f7xx_hal_gpio.c...
compiling stm32f7xx_hal_dma_ex.c...
compiling stm32f7xx_hal_pwr.c...
compiling stm32f7xx_hal_pwr_ex.c...
compiling stm32f7xx_hal_dma.c...
compiling stm32f7xx_hal_cortex.c...
compiling stm32f7xx_hal.c...
compiling stm32f7xx_hal_i2c_ex.c...
compiling stm32f7xx_hal_exti.c...
compiling stm32f7xx_hal_dac.c...
compiling stm32f7xx_hal_dac_ex.c...
compiling croutine.c...
compiling stm32f7xx_hal_uart_ex.c...
compiling event_groups.c...
compiling stm32f7xx_hal_tim_ex.c...
compiling list.c...
compiling stm32f7xx_hal_i2c.c...
compiling stm32f7xx_hal_uart.c...
compiling stream_buffer.c...
compiling timers.c...
compiling stm32f7xx_hal_tim.c...
compiling queue.c...
compiling heap_2.c...
compiling tasks.c...
compiling retarget_io.c...
compiling port.c...
compiling cmsis_os2.c...
linking...
Program Size: Code=26528 RO-data=2228 RW-data=48 ZI-data=20280  
".\Objects\Measurement_System_CMSIS-RTOS2_FreeRTOS.axf" - 0 Error(s), 0 Warning(s).

<h2>Software Packages used:</h2>

Package Vendor: ARM
                http://www.keil.com/pack/ARM.CMSIS.5.8.0.pack
                ARM.CMSIS.5.8.0
                CMSIS (Common Microcontroller Software Interface Standard)
   * Component: CORE Version: 5.5.0

Package Vendor: Keil
                http://www.keil.com/pack/Keil.ARM_Compiler.1.6.3.pack
                Keil.ARM_Compiler.1.6.3
                Keil ARM Compiler extensions for ARM Compiler 5 and ARM Compiler 6
   * Component: STDIN Variant: User Version: 1.2.0
   * Component: STDOUT Variant: User Version: 1.2.0

Package Vendor: Keil
                http://www.keil.com/pack/Keil.STM32F7xx_DFP.2.14.1.pack
                Keil.STM32F7xx_DFP.2.14.1
                STMicroelectronics STM32F7 Series Device Support, Drivers and Examples

<h2>Collection of Component include folders:</h2>
  .\RTE\_Measurement_System_CMSIS-RTOS2_FreeRTOS
  C:\Users\mc\AppData\Local\Arm\Packs\ARM\CMSIS\5.8.0\CMSIS\Core\Include
  C:\Users\mc\AppData\Local\Arm\Packs\Keil\STM32F7xx_DFP\2.14.1\Drivers\CMSIS\Device\ST\STM32F7xx\Include

<h2>Collection of Component Files used:</h2>

   * Component: ARM::CMSIS:CORE:5.5.0

   * Component: Keil.ARM Compiler::Compiler:I/O:STDIN:User:1.2.0
      Source file:   Template\stdin_keyboard.c
      Source file:   Source\retarget_io.c
      Source file:   Template\stdin_user.c
      Source file:   Template\stdin_USART.c

   * Component: Keil.ARM Compiler::Compiler:I/O:STDOUT:User:1.2.0
      Source file:   Source\retarget_io.c
      Source file:   Template\stdout_USART.c
      Source file:   Template\stdout_display.c
      Source file:   Template\stdout_user.c
Build Time Elapsed:  00:00:04
</pre>
</body>
</html>
